Archive member included to satisfy reference by file (symbol)

C:\Users\emanu\Documents\MCUXpressoIDE_25.6.136\workspace\CMSISv2p00_LPC17xx\Debug\libCMSISv2p00_LPC17xx.a(system_LPC17xx.o)
                              ./src/cr_startup_lpc175x_6x.o (SystemInit)
C:/nxp/MCUXpressoIDE_25.6.136/ide/plugins/com.nxp.mcuxpresso.tools.win32_25.6.0.202501151204/tools/bin/../lib/gcc/arm-none-eabi/14.2.1/../../../../arm-none-eabi/lib/thumb/v7-m/nofp\libcr_semihost.a(_cr__main.o)
                              ./src/cr_startup_lpc175x_6x.o (__main)
C:/nxp/MCUXpressoIDE_25.6.136/ide/plugins/com.nxp.mcuxpresso.tools.win32_25.6.0.202501151204/tools/bin/../lib/gcc/arm-none-eabi/14.2.1/../../../../arm-none-eabi/lib/thumb/v7-m/nofp\libcr_c.a(cos.o)
                              ./src/main.o (cos)
C:/nxp/MCUXpressoIDE_25.6.136/ide/plugins/com.nxp.mcuxpresso.tools.win32_25.6.0.202501151204/tools/bin/../lib/gcc/arm-none-eabi/14.2.1/../../../../arm-none-eabi/lib/thumb/v7-m/nofp\libcr_c.a(fpprintf.o)
                              ./src/main.o (printf)
C:/nxp/MCUXpressoIDE_25.6.136/ide/plugins/com.nxp.mcuxpresso.tools.win32_25.6.0.202501151204/tools/bin/../lib/gcc/arm-none-eabi/14.2.1/../../../../arm-none-eabi/lib/thumb/v7-m/nofp\libcr_c.a(initio.o)
                              C:/nxp/MCUXpressoIDE_25.6.136/ide/plugins/com.nxp.mcuxpresso.tools.win32_25.6.0.202501151204/tools/bin/../lib/gcc/arm-none-eabi/14.2.1/../../../../arm-none-eabi/lib/thumb/v7-m/nofp\libcr_semihost.a(_cr__main.o) (_initio)
C:/nxp/MCUXpressoIDE_25.6.136/ide/plugins/com.nxp.mcuxpresso.tools.win32_25.6.0.202501151204/tools/bin/../lib/gcc/arm-none-eabi/14.2.1/../../../../arm-none-eabi/lib/thumb/v7-m/nofp\libcr_c.a(printf.o)
                              C:/nxp/MCUXpressoIDE_25.6.136/ide/plugins/com.nxp.mcuxpresso.tools.win32_25.6.0.202501151204/tools/bin/../lib/gcc/arm-none-eabi/14.2.1/../../../../arm-none-eabi/lib/thumb/v7-m/nofp\libcr_c.a(fpprintf.o) (__vfprintf)
C:/nxp/MCUXpressoIDE_25.6.136/ide/plugins/com.nxp.mcuxpresso.tools.win32_25.6.0.202501151204/tools/bin/../lib/gcc/arm-none-eabi/14.2.1/../../../../arm-none-eabi/lib/thumb/v7-m/nofp\libcr_c.a(setvbuf.o)
                              C:/nxp/MCUXpressoIDE_25.6.136/ide/plugins/com.nxp.mcuxpresso.tools.win32_25.6.0.202501151204/tools/bin/../lib/gcc/arm-none-eabi/14.2.1/../../../../arm-none-eabi/lib/thumb/v7-m/nofp\libcr_c.a(initio.o) (setvbuf)
C:/nxp/MCUXpressoIDE_25.6.136/ide/plugins/com.nxp.mcuxpresso.tools.win32_25.6.0.202501151204/tools/bin/../lib/gcc/arm-none-eabi/14.2.1/../../../../arm-none-eabi/lib/thumb/v7-m/nofp\libcr_c.a(sin.o)
                              ./src/main.o (sin)
C:/nxp/MCUXpressoIDE_25.6.136/ide/plugins/com.nxp.mcuxpresso.tools.win32_25.6.0.202501151204/tools/bin/../lib/gcc/arm-none-eabi/14.2.1/../../../../arm-none-eabi/lib/thumb/v7-m/nofp\libcr_c.a(strlen.o)
                              C:/nxp/MCUXpressoIDE_25.6.136/ide/plugins/com.nxp.mcuxpresso.tools.win32_25.6.0.202501151204/tools/bin/../lib/gcc/arm-none-eabi/14.2.1/../../../../arm-none-eabi/lib/thumb/v7-m/nofp\libcr_c.a(printf.o) (strlen)
C:/nxp/MCUXpressoIDE_25.6.136/ide/plugins/com.nxp.mcuxpresso.tools.win32_25.6.0.202501151204/tools/bin/../lib/gcc/arm-none-eabi/14.2.1/../../../../arm-none-eabi/lib/thumb/v7-m/nofp\libcr_c.a(memset.o)
                              C:/nxp/MCUXpressoIDE_25.6.136/ide/plugins/com.nxp.mcuxpresso.tools.win32_25.6.0.202501151204/tools/bin/../lib/gcc/arm-none-eabi/14.2.1/../../../../arm-none-eabi/lib/thumb/v7-m/nofp\libcr_c.a(fpprintf.o) (memset)
C:/nxp/MCUXpressoIDE_25.6.136/ide/plugins/com.nxp.mcuxpresso.tools.win32_25.6.0.202501151204/tools/bin/../lib/gcc/arm-none-eabi/14.2.1/../../../../arm-none-eabi/lib/thumb/v7-m/nofp\libcr_c.a(_deferredlazyseek.o)
                              C:/nxp/MCUXpressoIDE_25.6.136/ide/plugins/com.nxp.mcuxpresso.tools.win32_25.6.0.202501151204/tools/bin/../lib/gcc/arm-none-eabi/14.2.1/../../../../arm-none-eabi/lib/thumb/v7-m/nofp\libcr_c.a(fpprintf.o) (__flsbuf)
C:/nxp/MCUXpressoIDE_25.6.136/ide/plugins/com.nxp.mcuxpresso.tools.win32_25.6.0.202501151204/tools/bin/../lib/gcc/arm-none-eabi/14.2.1/../../../../arm-none-eabi/lib/thumb/v7-m/nofp\libcr_c.a(_fdopen.o)
                              C:/nxp/MCUXpressoIDE_25.6.136/ide/plugins/com.nxp.mcuxpresso.tools.win32_25.6.0.202501151204/tools/bin/../lib/gcc/arm-none-eabi/14.2.1/../../../../arm-none-eabi/lib/thumb/v7-m/nofp\libcr_c.a(initio.o) (_fdopen)
C:/nxp/MCUXpressoIDE_25.6.136/ide/plugins/com.nxp.mcuxpresso.tools.win32_25.6.0.202501151204/tools/bin/../lib/gcc/arm-none-eabi/14.2.1/../../../../arm-none-eabi/lib/thumb/v7-m/nofp\libcr_c.a(_fflush.o)
                              C:/nxp/MCUXpressoIDE_25.6.136/ide/plugins/com.nxp.mcuxpresso.tools.win32_25.6.0.202501151204/tools/bin/../lib/gcc/arm-none-eabi/14.2.1/../../../../arm-none-eabi/lib/thumb/v7-m/nofp\libcr_c.a(_deferredlazyseek.o) (_fflush)
[...]
Memory Configuration

Name             Origin             Length             Attributes
MFlash512        0x00000000         0x00080000         xr
RamLoc32         0x10000000         0x00008000         xrw
RamAHB32         0x2007c000         0x00008000         xrw
*default*        0x00000000         0xffffffff

Linker script and memory map

LOAD ./src/cr_startup_lpc175x_6x.o
LOAD ./src/crp.o
LOAD ./src/main.o
LOAD C:\Users\emanu\Documents\MCUXpressoIDE_25.6.136\workspace\CMSISv2p00_LPC17xx\Debug\libCMSISv2p00_LPC17xx.a
START GROUP
LOAD C:/nxp/MCUXpressoIDE_25.6.136/ide/plugins/com.nxp.mcuxpresso.tools.win32_25.6.0.202501151204/tools/bin/../lib/gcc/arm-none-eabi/14.2.1/../../../../arm-none-eabi/lib/thumb/v7-m/nofp\libcr_semihost.a
LOAD C:/nxp/MCUXpressoIDE_25.6.136/ide/plugins/com.nxp.mcuxpresso.tools.win32_25.6.0.202501151204/tools/bin/../lib/gcc/arm-none-eabi/14.2.1/../../../../arm-none-eabi/lib/thumb/v7-m/nofp\libcr_c.a
LOAD C:/nxp/MCUXpressoIDE_25.6.136/ide/plugins/com.nxp.mcuxpresso.tools.win32_25.6.0.202501151204/tools/bin/../lib/gcc/arm-none-eabi/14.2.1/thumb/v7-m/nofp\libcr_eabihelpers.a
LOAD C:/nxp/MCUXpressoIDE_25.6.136/ide/plugins/com.nxp.mcuxpresso.tools.win32_25.6.0.202501151204/tools/bin/../lib/gcc/arm-none-eabi/14.2.1/thumb/v7-m/nofp\libgcc.a
END GROUP
                0x00000000                        __base_MFlash512 = 0x0
                0x00000000                        __base_Flash = 0x0
                0x00080000                        __top_MFlash512 = 0x80000
                0x00080000                        __top_Flash = 0x80000
                0x10000000                        __base_RamLoc32 = 0x10000000
                0x10000000                        __base_RAM = 0x10000000
                0x10008000                        __top_RamLoc32 = 0x10008000
                0x10008000                        __top_RAM = 0x10008000
                0x2007c000                        __base_RamAHB32 = 0x2007c000
                0x2007c000                        __base_RAM2 = 0x2007c000
                0x20084000                        __top_RamAHB32 = 0x20084000
                0x20084000                        __top_RAM2 = 0x20084000

.text           0x00000000     0x2f1c
 FILL mask 0xff
                0x00000000                        __vectors_start__ = ABSOLUTE (.)
 *(.isr_vector)
 .isr_vector    0x00000000       0xcc ./src/cr_startup_lpc175x_6x.o
                0x00000000                g_pfnVectors
                0x000000cc                        . = ALIGN (0x4)
                0x000000cc                        __section_table_start = .
                0x000000cc                        __data_section_table = .
                0x000000cc        0x4 LONG 0x2f1c LOADADDR (.data)
                0x000000d0        0x4 LONG 0x10000000 ADDR (.data)
                0x000000d4        0x4 LONG 0x0 SIZEOF (.data)
                0x000000d8        0x4 LONG 0x2f1c LOADADDR (.data_RAM2)
                0x000000dc        0x4 LONG 0x2007c000 ADDR (.data_RAM2)
                0x000000e0        0x4 LONG 0x0 SIZEOF (.data_RAM2)
                0x000000e4                        __data_section_table_end = .
                0x000000e4                        __bss_section_table = .
                0x000000e4        0x4 LONG 0x10000000 ADDR (.bss)
                0x000000e8        0x4 LONG 0x20c SIZEOF (.bss)
                0x000000ec        0x4 LONG 0x2007c000 ADDR (.bss_RAM2)
                0x000000f0        0x4 LONG 0x0 SIZEOF (.bss_RAM2)
                0x000000f4                        __bss_section_table_end = .
                0x000000f4                        __section_table_end = .
 *(.after_vectors*)
 .after_vectors
                0x000000f4      0x148 ./src/cr_startup_lpc175x_6x.o
                0x000000f4                data_init
                0x00000138                bss_init
                0x00000170                ResetISR
                0x000001ec                NMI_Handler
                0x000001f4                HardFault_Handler
                0x000001fc                MemManage_Handler
                0x00000204                BusFault_Handler
                0x0000020c                UsageFault_Handler
                0x00000214                SVC_Handler
                0x0000021c                DebugMon_Handler
                0x00000224                PendSV_Handler
                0x0000022c                SysTick_Handler
                0x00000234                EINT3_IRQHandler
                0x00000234                CANActivity_IRQHandler
                0x00000234                TIMER3_IRQHandler
                0x00000234                UART0_IRQHandler
                0x00000234                UART1_IRQHandler
                0x00000234                EINT2_IRQHandler
                0x00000234                USBActivity_IRQHandler
                0x00000234                IntDefaultHandler
                0x00000234                PLL0_IRQHandler
                0x00000234                I2C0_IRQHandler
                0x00000234                I2C1_IRQHandler
                0x00000234                SSP0_IRQHandler
                0x00000234                I2S_IRQHandler
                0x00000234                I2C2_IRQHandler
                0x00000234                RTC_IRQHandler
                0x00000234                TIMER0_IRQHandler
                0x00000234                SPI_IRQHandler
                0x00000234                RIT_IRQHandler
                0x00000234                EINT1_IRQHandler
                0x00000234                TIMER1_IRQHandler
                0x00000234                UART2_IRQHandler
                0x00000234                ADC_IRQHandler
                0x00000234                SSP1_IRQHandler
                0x00000234                USB_IRQHandler
                0x00000234                BOD_IRQHandler
                0x00000234                PLL1_IRQHandler
                0x00000234                WDT_IRQHandler
                0x00000234                PWM1_IRQHandler
                0x00000234                QEI_IRQHandler
                0x00000234                EINT0_IRQHandler
                0x00000234                CAN_IRQHandler
                0x00000234                DMA_IRQHandler
                0x00000234                TIMER2_IRQHandler
                0x00000234                UART3_IRQHandler
                0x00000234                MCPWM_IRQHandler
                0x00000234                ENET_IRQHandler
                0x000002fc                        . = 0x2fc
 *fill*         0x0000023c       0xc0 ff
                0x000002fc                        PROVIDE (__CRP_WORD_START__ = .)
 *(.crp)
 .crp           0x000002fc        0x4 ./src/crp.o
                0x000002fc                CRP_WORD
                0x00000300                        PROVIDE (__CRP_WORD_END__ = .)
                0x00000001                        ASSERT (! ((__CRP_WORD_START__ == __CRP_WORD_END__)), Linker CRP Enabled, but no CRP_WORD provided within application)
 *(.text*)
 .text.lround_custom
                0x00000300       0x68 ./src/main.o
                0x00000300                lround_custom
 .text.init_twiddle
                0x00000368       0xbc ./src/main.o
                0x00000368                init_twiddle
 .text.printArray
                0x00000424       0x60 ./src/main.o
                0x00000424                printArray
 *fill*         0x00000484        0x4 ff
 .text.printArrayNormalized
                0x00000488       0x78 ./src/main.o
                0x00000488                printArrayNormalized
 .text.main     0x00000500       0x20 ./src/main.o
                0x00000500                main
 .text.SystemInit
                0x00000520       0xd8 C:\Users\emanu\Documents\MCUXpressoIDE_25.6.136\workspace\CMSISv2p00_LPC17xx\Debug\libCMSISv2p00_LPC17xx.a(system_LPC17xx.o)
                0x00000520                SystemInit
 .text.__main   0x000005f8        0xe C:/nxp/MCUXpressoIDE_25.6.136/ide/plugins/com.nxp.mcuxpresso.tools.win32_25.6.0.202501151204/tools/bin/../lib/gcc/arm-none-eabi/14.2.1/../../../../arm-none-eabi/lib/thumb/v7-m/nofp\libcr_semihost.a(_cr__main.o)
                0x000005f8                __CR_SEMIHOST
                0x000005f8                __main
 *fill*         0x00000606        0x2 ff
 .text.cos      0x00000608       0x60 C:/nxp/MCUXpressoIDE_25.6.136/ide/plugins/com.nxp.mcuxpresso.tools.win32_25.6.0.202501151204/tools/bin/../lib/gcc/arm-none-eabi/14.2.1/../../../../arm-none-eabi/lib/thumb/v7-m/nofp\libcr_c.a(cos.o)
                0x00000608                cos
 .text.fp_round
                0x00000668       0x4c C:/nxp/MCUXpressoIDE_25.6.136/ide/plugins/com.nxp.mcuxpresso.tools.win32_25.6.0.202501151204/tools/bin/../lib/gcc/arm-none-eabi/14.2.1/../../../../arm-none-eabi/lib/thumb/v7-m/nofp\libcr_c.a(fpprintf.o)
 .text.pr_dec.constprop.0
                0x000006b4       0x24 C:/nxp/MCUXpressoIDE_25.6.136/ide/plugins/com.nxp.mcuxpresso.tools.win32_25.6.0.202501151204/tools/bin/../lib/gcc/arm-none-eabi/14.2.1/../../../../arm-none-eabi/lib/thumb/v7-m/nofp\libcr_c.a(fpprintf.o)
 .text.sprintf  0x000006d8       0x6c C:/nxp/MCUXpressoIDE_25.6.136/ide/plugins/com.nxp.mcuxpresso.tools.win32_25.6.0.202501151204/tools/bin/../lib/gcc/arm-none-eabi/14.2.1/../../../../arm-none-eabi/lib/thumb/v7-m/nofp\libcr_c.a(fpprintf.o)
                0x000006d8                sprintf
 *fill*         0x00000744        0x4 ff
 .text.fp_display
                0x00000748      0x98c C:/nxp/MCUXpressoIDE_25.6.136/ide/plugins/com.nxp.mcuxpresso.tools.win32_25.6.0.202501151204/tools/bin/../lib/gcc/arm-none-eabi/14.2.1/../../../../arm-none-eabi/lib/thumb/v7-m/nofp\libcr_c.a(fpprintf.o)
 .text.vsnprintf
                0x000010d4       0x68 C:/nxp/MCUXpressoIDE_25.6.136/ide/plugins/com.nxp.mcuxpresso.tools.win32_25.6.0.202501151204/tools/bin/../lib/gcc/arm-none-eabi/14.2.1/../../../../arm-none-eabi/lib/thumb/v7-m/nofp\libcr_c.a(fpprintf.o)
                0x000010d4                vsnprintf
 .text.printf   0x0000113c       0x54 C:/nxp/MCUXpressoIDE_25.6.136/ide/plugins/com.nxp.mcuxpresso.tools.win32_25.6.0.202501151204/tools/bin/../lib/gcc/arm-none-eabi/14.2.1/../../../../arm-none-eabi/lib/thumb/v7-m/nofp\libcr_c.a(fpprintf.o)
                0x0000113c                printf
 .text._initio  0x00001190       0x78 C:/nxp/MCUXpressoIDE_25.6.136/ide/plugins/com.nxp.mcuxpresso.tools.win32_25.6.0.202501151204/tools/bin/../lib/gcc/arm-none-eabi/14.2.1/../../../../arm-none-eabi/lib/thumb/v7-m/nofp\libcr_c.a(initio.o)
                0x00001190                _initio
 .text.__vfprintf
                0x00001208      0xb64 C:/nxp/MCUXpressoIDE_25.6.136/ide/plugins/com.nxp.mcuxpresso.tools.win32_25.6.0.202501151204/tools/bin/../lib/gcc/arm-none-eabi/14.2.1/../../../../arm-none-eabi/lib/thumb/v7-m/nofp\libcr_c.a(printf.o)
                0x00001208                __vfprintf
 .text.setvbuf  0x00001d6c       0x3e C:/nxp/MCUXpressoIDE_25.6.136/ide/plugins/com.nxp.mcuxpresso.tools.win32_25.6.0.202501151204/tools/bin/../lib/gcc/arm-none-eabi/14.2.1/../../../../arm-none-eabi/lib/thumb/v7-m/nofp\libcr_c.a(setvbuf.o)
                0x00001d6c                setvbuf
 .text.sin      0x00001daa       0x38 C:/nxp/MCUXpressoIDE_25.6.136/ide/plugins/com.nxp.mcuxpresso.tools.win32_25.6.0.202501151204/tools/bin/../lib/gcc/arm-none-eabi/14.2.1/../../../../arm-none-eabi/lib/thumb/v7-m/nofp\libcr_c.a(sin.o)
                0x00001daa                sin
 .text.strlen   0x00001de2       0x4e C:/nxp/MCUXpressoIDE_25.6.136/ide/plugins/com.nxp.mcuxpresso.tools.win32_25.6.0.202501151204/tools/bin/../lib/gcc/arm-none-eabi/14.2.1/../../../../arm-none-eabi/lib/thumb/v7-m/nofp\libcr_c.a(strlen.o)
                0x00001de2                strlen
 .text.memset   0x00001e30        0x4 C:/nxp/MCUXpressoIDE_25.6.136/ide/plugins/com.nxp.mcuxpresso.tools.win32_25.6.0.202501151204/tools/bin/../lib/gcc/arm-none-eabi/14.2.1/../../../../arm-none-eabi/lib/thumb/v7-m/nofp\libcr_c.a(memset.o)
                0x00001e30                memset
 .text._deferredlazyseek
                0x00001e34       0x40 C:/nxp/MCUXpressoIDE_25.6.136/ide/plugins/com.nxp.mcuxpresso.tools.win32_25.6.0.202501151204/tools/bin/../lib/gcc/arm-none-eabi/14.2.1/../../../../arm-none-eabi/lib/thumb/v7-m/nofp\libcr_c.a(_deferredlazyseek.o)
                0x00001e34                _deferredlazyseek
 .text.__flsbuf
                0x00001e74      0x12a C:/nxp/MCUXpressoIDE_25.6.136/ide/plugins/com.nxp.mcuxpresso.tools.win32_25.6.0.202501151204/tools/bin/../lib/gcc/arm-none-eabi/14.2.1/../../../../arm-none-eabi/lib/thumb/v7-m/nofp\libcr_c.a(_deferredlazyseek.o)
                0x00001e74                __flsbuf
 .text._fdopen  0x00001f9e       0x68 C:/nxp/MCUXpressoIDE_25.6.136/ide/plugins/com.nxp.mcuxpresso.tools.win32_25.6.0.202501151204/tools/bin/../lib/gcc/arm-none-eabi/14.2.1/../../../../arm-none-eabi/lib/thumb/v7-m/nofp\libcr_c.a(_fdopen.o)
                0x00001f9e                _fdopen
 .text._fflush  0x00002006       0x52 C:/nxp/MCUXpressoIDE_25.6.136/ide/plugins/com.nxp.mcuxpresso.tools.win32_25.6.0.202501151204/tools/bin/../lib/gcc/arm-none-eabi/14.2.1/../../../../arm-none-eabi/lib/thumb/v7-m/nofp\libcr_c.a(_fflush.o)
                0x00002006                _fflush
 .text._frexpl  0x00002058       0x5a C:/nxp/MCUXpressoIDE_25.6.136/ide/plugins/com.nxp.mcuxpresso.tools.win32_25.6.0.202501151204/tools/bin/../lib/gcc/arm-none-eabi/14.2.1/../../../../arm-none-eabi/lib/thumb/v7-m/nofp\libcr_c.a(_frexpl.o)
                0x00002058                _frexpl
 *fill*         0x000020b2        0x2 ff
 .text._ldexpl  0x000020b4       0x48 C:/nxp/MCUXpressoIDE_25.6.136/ide/plugins/com.nxp.mcuxpresso.tools.win32_25.6.0.202501151204/tools/bin/../lib/gcc/arm-none-eabi/14.2.1/../../../../arm-none-eabi/lib/thumb/v7-m/nofp\libcr_c.a(_ldexpl.o)
                0x000020b4                _ldexpl
 *fill*         0x000020fc        0x4 ff
 .text._sincos  0x00002100      0x1fc C:/nxp/MCUXpressoIDE_25.6.136/ide/plugins/com.nxp.mcuxpresso.tools.win32_25.6.0.202501151204/tools/bin/../lib/gcc/arm-none-eabi/14.2.1/../../../../arm-none-eabi/lib/thumb/v7-m/nofp\libcr_c.a(_sincos.o)
                0x00002100                _sincos
 .text._Cwritebuf
                0x000022fc       0x70 C:/nxp/MCUXpressoIDE_25.6.136/ide/plugins/com.nxp.mcuxpresso.tools.win32_25.6.0.202501151204/tools/bin/../lib/gcc/arm-none-eabi/14.2.1/../../../../arm-none-eabi/lib/thumb/v7-m/nofp\libcr_c.a(_writebuf.o)
                0x000022fc                _Cwritebuf
 .text.malloc   0x0000236c       0xc8 C:/nxp/MCUXpressoIDE_25.6.136/ide/plugins/com.nxp.mcuxpresso.tools.win32_25.6.0.202501151204/tools/bin/../lib/gcc/arm-none-eabi/14.2.1/../../../../arm-none-eabi/lib/thumb/v7-m/nofp\libcr_c.a(alloc.o)
                0x0000236c                malloc
 .text.free     0x00002434       0x30 C:/nxp/MCUXpressoIDE_25.6.136/ide/plugins/com.nxp.mcuxpresso.tools.win32_25.6.0.202501151204/tools/bin/../lib/gcc/arm-none-eabi/14.2.1/../../../../arm-none-eabi/lib/thumb/v7-m/nofp\libcr_c.a(alloc.o)
                0x00002434                free
 .text._Csys_alloc
                0x00002464       0x20 C:/nxp/MCUXpressoIDE_25.6.136/ide/plugins/com.nxp.mcuxpresso.tools.win32_25.6.0.202501151204/tools/bin/../lib/gcc/arm-none-eabi/14.2.1/../../../../arm-none-eabi/lib/thumb/v7-m/nofp\libcr_c.a(alloc.o)
                0x00002464                _Csys_alloc
 .text.fabs     0x00002484       0x1c C:/nxp/MCUXpressoIDE_25.6.136/ide/plugins/com.nxp.mcuxpresso.tools.win32_25.6.0.202501151204/tools/bin/../lib/gcc/arm-none-eabi/14.2.1/../../../../arm-none-eabi/lib/thumb/v7-m/nofp\libcr_c.a(fabs.o)
                0x00002484                fabs
 .text.fclose   0x000024a0       0x58 C:/nxp/MCUXpressoIDE_25.6.136/ide/plugins/com.nxp.mcuxpresso.tools.win32_25.6.0.202501151204/tools/bin/../lib/gcc/arm-none-eabi/14.2.1/../../../../arm-none-eabi/lib/thumb/v7-m/nofp\libcr_c.a(fclose.o)
                0x000024a0                fclose
 .text.fflush   0x000024f8       0x3c C:/nxp/MCUXpressoIDE_25.6.136/ide/plugins/com.nxp.mcuxpresso.tools.win32_25.6.0.202501151204/tools/bin/../lib/gcc/arm-none-eabi/14.2.1/../../../../arm-none-eabi/lib/thumb/v7-m/nofp\libcr_c.a(fflush.o)
                0x000024f8                fflush
 .text.fseek    0x00002534       0xf8 C:/nxp/MCUXpressoIDE_25.6.136/ide/plugins/com.nxp.mcuxpresso.tools.win32_25.6.0.202501151204/tools/bin/../lib/gcc/arm-none-eabi/14.2.1/../../../../arm-none-eabi/lib/thumb/v7-m/nofp\libcr_c.a(fseek.o)
                0x00002534                fseek
 .text.ftell    0x0000262c       0x44 C:/nxp/MCUXpressoIDE_25.6.136/ide/plugins/com.nxp.mcuxpresso.tools.win32_25.6.0.202501151204/tools/bin/../lib/gcc/arm-none-eabi/14.2.1/../../../../arm-none-eabi/lib/thumb/v7-m/nofp\libcr_c.a(ftell.o)
                0x0000262c                ftell
 .text.remove   0x00002670       0x14 C:/nxp/MCUXpressoIDE_25.6.136/ide/plugins/com.nxp.mcuxpresso.tools.win32_25.6.0.202501151204/tools/bin/../lib/gcc/arm-none-eabi/14.2.1/../../../../arm-none-eabi/lib/thumb/v7-m/nofp\libcr_c.a(remove.o)
                0x00002670                remove
 .text._sbrk    0x00002684       0x3c C:/nxp/MCUXpressoIDE_25.6.136/ide/plugins/com.nxp.mcuxpresso.tools.win32_25.6.0.202501151204/tools/bin/../lib/gcc/arm-none-eabi/14.2.1/../../../../arm-none-eabi/lib/thumb/v7-m/nofp\libcr_c.a(_cr_sbrk.o)
                0x00002684                _sbrk
 .text._do_fflush
                0x000026c0       0x40 C:/nxp/MCUXpressoIDE_25.6.136/ide/plugins/com.nxp.mcuxpresso.tools.win32_25.6.0.202501151204/tools/bin/../lib/gcc/arm-none-eabi/14.2.1/../../../../arm-none-eabi/lib/thumb/v7-m/nofp\libcr_c.a(_do_fflush.o)
                0x000026c0                _do_fflush
 .text.__check_heap_overflow
                0x00002700       0x18 C:/nxp/MCUXpressoIDE_25.6.136/ide/plugins/com.nxp.mcuxpresso.tools.win32_25.6.0.202501151204/tools/bin/../lib/gcc/arm-none-eabi/14.2.1/../../../../arm-none-eabi/lib/thumb/v7-m/nofp\libcr_c.a(_cr_check_heap.o)
                0x00002700                __check_heap_overflow
 .text.__aeabi_dmul
                0x00002718       0xfc C:/nxp/MCUXpressoIDE_25.6.136/ide/plugins/com.nxp.mcuxpresso.tools.win32_25.6.0.202501151204/tools/bin/../lib/gcc/arm-none-eabi/14.2.1/thumb/v7-m/nofp\libcr_eabihelpers.a(double.o)
                0x00002718                __aeabi_dmul
 .text.__aeabi_ddiv
                0x00002814      0x134 C:/nxp/MCUXpressoIDE_25.6.136/ide/plugins/com.nxp.mcuxpresso.tools.win32_25.6.0.202501151204/tools/bin/../lib/gcc/arm-none-eabi/14.2.1/thumb/v7-m/nofp\libcr_eabihelpers.a(double.o)
                0x00002814                __aeabi_ddiv
 .text.__aeabi_dsub
                0x00002948      0x1b4 C:/nxp/MCUXpressoIDE_25.6.136/ide/plugins/com.nxp.mcuxpresso.tools.win32_25.6.0.202501151204/tools/bin/../lib/gcc/arm-none-eabi/14.2.1/thumb/v7-m/nofp\libcr_eabihelpers.a(double.o)
                0x00002948                __aeabi_dsub
 .text.__aeabi_dadd
                0x00002afc      0x128 C:/nxp/MCUXpressoIDE_25.6.136/ide/plugins/com.nxp.mcuxpresso.tools.win32_25.6.0.202501151204/tools/bin/../lib/gcc/arm-none-eabi/14.2.1/thumb/v7-m/nofp\libcr_eabihelpers.a(double.o)
                0x00002afc                __aeabi_dadd
 .text.__aeabi_d2iz
                0x00002c24       0x42 C:/nxp/MCUXpressoIDE_25.6.136/ide/plugins/com.nxp.mcuxpresso.tools.win32_25.6.0.202501151204/tools/bin/../lib/gcc/arm-none-eabi/14.2.1/thumb/v7-m/nofp\libcr_eabihelpers.a(double.o)
                0x00002c24                __aeabi_d2iz
 .text.__bhs_ui2d
                0x00002c66       0x46 C:/nxp/MCUXpressoIDE_25.6.136/ide/plugins/com.nxp.mcuxpresso.tools.win32_25.6.0.202501151204/tools/bin/../lib/gcc/arm-none-eabi/14.2.1/thumb/v7-m/nofp\libcr_eabihelpers.a(double.o)
                0x00002c66                __bhs_ui2d
 .text.__aeabi_i2d
                0x00002cac       0x10 C:/nxp/MCUXpressoIDE_25.6.136/ide/plugins/com.nxp.mcuxpresso.tools.win32_25.6.0.202501151204/tools/bin/../lib/gcc/arm-none-eabi/14.2.1/thumb/v7-m/nofp\libcr_eabihelpers.a(double.o)
                0x00002cac                __aeabi_i2d
 .text.__aeabi_dcmpeq
                0x00002cbc       0x30 C:/nxp/MCUXpressoIDE_25.6.136/ide/plugins/com.nxp.mcuxpresso.tools.win32_25.6.0.202501151204/tools/bin/../lib/gcc/arm-none-eabi/14.2.1/thumb/v7-m/nofp\libcr_eabihelpers.a(double.o)
                0x00002cbc                __aeabi_dcmpeq
 .text.__aeabi_dcmplt
                0x00002cec       0x56 C:/nxp/MCUXpressoIDE_25.6.136/ide/plugins/com.nxp.mcuxpresso.tools.win32_25.6.0.202501151204/tools/bin/../lib/gcc/arm-none-eabi/14.2.1/thumb/v7-m/nofp\libcr_eabihelpers.a(double.o)
                0x00002cec                __aeabi_dcmplt
 .text.__aeabi_dcmple
                0x00002d42       0x54 C:/nxp/MCUXpressoIDE_25.6.136/ide/plugins/com.nxp.mcuxpresso.tools.win32_25.6.0.202501151204/tools/bin/../lib/gcc/arm-none-eabi/14.2.1/thumb/v7-m/nofp\libcr_eabihelpers.a(double.o)
                0x00002d42                __aeabi_dcmple
 .text.__aeabi_dcmpge
                0x00002d96       0x5a C:/nxp/MCUXpressoIDE_25.6.136/ide/plugins/com.nxp.mcuxpresso.tools.win32_25.6.0.202501151204/tools/bin/../lib/gcc/arm-none-eabi/14.2.1/thumb/v7-m/nofp\libcr_eabihelpers.a(double.o)
                0x00002d96                __aeabi_dcmpge
 .text.__aeabi_memset_lowlevel
                0x00002df0       0x32 C:/nxp/MCUXpressoIDE_25.6.136/ide/plugins/com.nxp.mcuxpresso.tools.win32_25.6.0.202501151204/tools/bin/../lib/gcc/arm-none-eabi/14.2.1/thumb/v7-m/nofp\libcr_eabihelpers.a(memcpy.o)
                0x00002df0                __aeabi_lowlevel_memset
 *fill*         0x00002e22        0x2 ff
 .text.__sys_appexit
                0x00002e24        0xc C:/nxp/MCUXpressoIDE_25.6.136/ide/plugins/com.nxp.mcuxpresso.tools.win32_25.6.0.202501151204/tools/bin/../lib/gcc/arm-none-eabi/14.2.1/../../../../arm-none-eabi/lib/thumb/v7-m/nofp\libcr_semihost.a(__sys_appexit.o)
                0x00002e24                __sys_appexit
                0x00002e24                __exit
 .text.__sys_close
                0x00002e30        0xc C:/nxp/MCUXpressoIDE_25.6.136/ide/plugins/com.nxp.mcuxpresso.tools.win32_25.6.0.202501151204/tools/bin/../lib/gcc/arm-none-eabi/14.2.1/../../../../arm-none-eabi/lib/thumb/v7-m/nofp\libcr_semihost.a(__sys_close.o)
                0x00002e30                __sys_close
 .text.__sys_flen
                0x00002e3c        0xc C:/nxp/MCUXpressoIDE_25.6.136/ide/plugins/com.nxp.mcuxpresso.tools.win32_25.6.0.202501151204/tools/bin/../lib/gcc/arm-none-eabi/14.2.1/../../../../arm-none-eabi/lib/thumb/v7-m/nofp\libcr_semihost.a(__sys_flen.o)
                0x00002e3c                __sys_flen
 .text.__sys_istty
                0x00002e48        0xc C:/nxp/MCUXpressoIDE_25.6.136/ide/plugins/com.nxp.mcuxpresso.tools.win32_25.6.0.202501151204/tools/bin/../lib/gcc/arm-none-eabi/14.2.1/../../../../arm-none-eabi/lib/thumb/v7-m/nofp\libcr_semihost.a(__sys_istty.o)
                0x00002e48                __sys_istty
 .text.__sys_remove
                0x00002e54        0xc C:/nxp/MCUXpressoIDE_25.6.136/ide/plugins/com.nxp.mcuxpresso.tools.win32_25.6.0.202501151204/tools/bin/../lib/gcc/arm-none-eabi/14.2.1/../../../../arm-none-eabi/lib/thumb/v7-m/nofp\libcr_semihost.a(__sys_remove.o)
                0x00002e54                __sys_remove
 .text.__sys_seek
                0x00002e60        0xc C:/nxp/MCUXpressoIDE_25.6.136/ide/plugins/com.nxp.mcuxpresso.tools.win32_25.6.0.202501151204/tools/bin/../lib/gcc/arm-none-eabi/14.2.1/../../../../arm-none-eabi/lib/thumb/v7-m/nofp\libcr_semihost.a(__sys_seek.o)
                0x00002e60                __sys_seek
 .text.__sys_tmpnam
                0x00002e6c        0xc C:/nxp/MCUXpressoIDE_25.6.136/ide/plugins/com.nxp.mcuxpresso.tools.win32_25.6.0.202501151204/tools/bin/../lib/gcc/arm-none-eabi/14.2.1/../../../../arm-none-eabi/lib/thumb/v7-m/nofp\libcr_semihost.a(__sys_tmpnam.o)
                0x00002e6c                __sys_tmpnam
 .text.__sys_write
                0x00002e78        0xc C:/nxp/MCUXpressoIDE_25.6.136/ide/plugins/com.nxp.mcuxpresso.tools.win32_25.6.0.202501151204/tools/bin/../lib/gcc/arm-none-eabi/14.2.1/../../../../arm-none-eabi/lib/thumb/v7-m/nofp\libcr_semihost.a(__sys_write.o)
                0x00002e78                __sys_write
 *(.rodata .rodata.* .constdata .constdata.*)
 .rodata.printArray.str1.4
                0x00002e84       0x13 ./src/main.o
                                  0xf (size before relaxing)
 .rodata.printArrayNormalized.str1.4
                0x00002e97        0x3 ./src/main.o
 .rodata.fp_display.str1.1
                0x00002e97       0x81 C:/nxp/MCUXpressoIDE_25.6.136/ide/plugins/com.nxp.mcuxpresso.tools.win32_25.6.0.202501151204/tools/bin/../lib/gcc/arm-none-eabi/14.2.1/../../../../arm-none-eabi/lib/thumb/v7-m/nofp\libcr_c.a(fpprintf.o)
                                 0x35 (size before relaxing)
 .rodata._initio.str1.1
                0x00002f18        0x4 C:/nxp/MCUXpressoIDE_25.6.136/ide/plugins/com.nxp.mcuxpresso.tools.win32_25.6.0.202501151204/tools/bin/../lib/gcc/arm-none-eabi/14.2.1/../../../../arm-none-eabi/lib/thumb/v7-m/nofp\libcr_c.a(initio.o)
 .rodata.__vfprintf.str1.1
                0x00002f18       0x38 C:/nxp/MCUXpressoIDE_25.6.136/ide/plugins/com.nxp.mcuxpresso.tools.win32_25.6.0.202501151204/tools/bin/../lib/gcc/arm-none-eabi/14.2.1/../../../../arm-none-eabi/lib/thumb/v7-m/nofp\libcr_c.a(printf.o)
 .rodata._Csys_alloc.str1.1
                0x00002f18       0x18 C:/nxp/MCUXpressoIDE_25.6.136/ide/plugins/com.nxp.mcuxpresso.tools.win32_25.6.0.202501151204/tools/bin/../lib/gcc/arm-none-eabi/14.2.1/../../../../arm-none-eabi/lib/thumb/v7-m/nofp\libcr_c.a(alloc.o)
 .rodata.__num_Ciob_streams
                0x00002f18        0x4 C:/nxp/MCUXpressoIDE_25.6.136/ide/plugins/com.nxp.mcuxpresso.tools.win32_25.6.0.202501151204/tools/bin/../lib/gcc/arm-none-eabi/14.2.1/../../../../arm-none-eabi/lib/thumb/v7-m/nofp\libcr_semihost.a(__ciob.o)
                0x00002f18                __num_Ciob_streams
                0x00002f50                        . = ALIGN (0x4)

.glue_7         0x00002f1c        0x0
 .glue_7        0x00002f1c        0x0 linker stubs

.glue_7t        0x00002f1c        0x0
 .glue_7t       0x00002f1c        0x0 linker stubs

.vfp11_veneer   0x00002f1c        0x0
 .vfp11_veneer  0x00002f1c        0x0 linker stubs

.v4_bx          0x00002f1c        0x0
 .v4_bx         0x00002f1c        0x0 linker stubs

.iplt           0x00002f1c        0x0
 .iplt          0x00002f1c        0x0 ./src/cr_startup_lpc175x_6x.o

.rel.dyn        0x00002f1c        0x0
 .rel.iplt      0x00002f1c        0x0 ./src/cr_startup_lpc175x_6x.o

.ARM.extab
 *(.ARM.extab* .gnu.linkonce.armextab.*)

.ARM.exidx      0x00002f1c        0x0
                0x00002f1c                        __exidx_start = .
 *(.ARM.exidx* .gnu.linkonce.armexidx.*)
                0x00002f1c                        __exidx_end = .
                0x00002f1c                        _etext = .

.data_RAM2      0x2007c000        0x0 load address 0x00002f1c
 FILL mask 0xff
                [!provide]                        PROVIDE (__start_data_RAM2 = .)
                [!provide]                        PROVIDE (__start_data_RamAHB32 = .)
 *(.ramfunc.$RAM2)
 *(.ramfunc.$RamAHB32)
 *(.data.$RAM2)
 *(.data.$RamAHB32)
 *(.data.$RAM2.*)
 *(.data.$RamAHB32.*)
                0x2007c000                        . = ALIGN (0x4)
                [!provide]                        PROVIDE (__end_data_RAM2 = .)
                [!provide]                        PROVIDE (__end_data_RamAHB32 = .)

.uninit_RESERVED
                0x10000000        0x0
                0x10000000                        _start_uninit_RESERVED = .
 *(.bss.$RESERVED*)
                0x10000000                        . = ALIGN (0x4)
                0x10000000                        _end_uninit_RESERVED = .

.data           0x10000000        0x0 load address 0x00002f1c
 FILL mask 0xff
                0x10000000                        _data = .
                [!provide]                        PROVIDE (__start_data_RAM = .)
                [!provide]                        PROVIDE (__start_data_RamLoc32 = .)
 *(vtable)
 *(.ramfunc*)
 *(CodeQuickAccess)
 *(DataQuickAccess)
 *(RamFunction)
 *(.data*)
                0x10000000                        . = ALIGN (0x4)
                0x10000000                        _edata = .
                [!provide]                        PROVIDE (__end_data_RAM = .)
                [!provide]                        PROVIDE (__end_data_RamLoc32 = .)

.igot.plt       0x10000000        0x0 load address 0x00002f1c
 .igot.plt      0x10000000        0x0 ./src/cr_startup_lpc175x_6x.o

.bss_RAM2       0x2007c000        0x0
                [!provide]                        PROVIDE (__start_bss_RAM2 = .)
                [!provide]                        PROVIDE (__start_bss_RamAHB32 = .)
 *(.bss.$RAM2)
 *(.bss.$RamAHB32)
 *(.bss.$RAM2.*)
 *(.bss.$RamAHB32.*)
                0x2007c000                        . = ALIGN ((. != 0x0)?0x4:0x1)
                [!provide]                        PROVIDE (__end_bss_RAM2 = .)
                [!provide]                        PROVIDE (__end_bss_RamAHB32 = .)

.bss            0x10000000      0x20c
                0x10000000                        _bss = .
                [!provide]                        PROVIDE (__start_bss_RAM = .)
                [!provide]                        PROVIDE (__start_bss_RamLoc32 = .)
 *(.bss*)
 .bss.tw_cos    0x10000000       0x10 ./src/main.o
 .bss.tw_sin    0x10000010       0x10 ./src/main.o
 .bss.errno     0x10000020        0x4 C:/nxp/MCUXpressoIDE_25.6.136/ide/plugins/com.nxp.mcuxpresso.tools.win32_25.6.0.202501151204/tools/bin/../lib/gcc/arm-none-eabi/14.2.1/../../../../arm-none-eabi/lib/thumb/v7-m/nofp\libcr_c.a(errno.o)
                0x10000020                errno
 .bss.__end_of_heap
                0x10000024        0x4 C:/nxp/MCUXpressoIDE_25.6.136/ide/plugins/com.nxp.mcuxpresso.tools.win32_25.6.0.202501151204/tools/bin/../lib/gcc/arm-none-eabi/14.2.1/../../../../arm-none-eabi/lib/thumb/v7-m/nofp\libcr_c.a(__init_alloc.o)
                0x10000024                __end_of_heap
 .bss.__heaps   0x10000028        0x4 C:/nxp/MCUXpressoIDE_25.6.136/ide/plugins/com.nxp.mcuxpresso.tools.win32_25.6.0.202501151204/tools/bin/../lib/gcc/arm-none-eabi/14.2.1/../../../../arm-none-eabi/lib/thumb/v7-m/nofp\libcr_c.a(__init_alloc.o)
                0x10000028                __heaps
 .bss.__Ciob    0x1000002c      0x1e0 C:/nxp/MCUXpressoIDE_25.6.136/ide/plugins/com.nxp.mcuxpresso.tools.win32_25.6.0.202501151204/tools/bin/../lib/gcc/arm-none-eabi/14.2.1/../../../../arm-none-eabi/lib/thumb/v7-m/nofp\libcr_semihost.a(__ciob.o)
                0x1000002c                __Ciob
 *(COMMON)
                0x1000020c                        . = ALIGN (0x4)
                0x1000020c                        _ebss = .
                [!provide]                        PROVIDE (__end_bss_RAM = .)
                [!provide]                        PROVIDE (__end_bss_RamLoc32 = .)
                [!provide]                        PROVIDE (end = .)

.noinit_RAM2    0x2007c000        0x0
                [!provide]                        PROVIDE (__start_noinit_RAM2 = .)
                [!provide]                        PROVIDE (__start_noinit_RamAHB32 = .)
 *(.noinit.$RAM2)
 *(.noinit.$RamAHB32)
 *(.noinit.$RAM2.*)
 *(.noinit.$RamAHB32.*)
                0x2007c000                        . = ALIGN (0x4)
                [!provide]                        PROVIDE (__end_noinit_RAM2 = .)
                [!provide]                        PROVIDE (__end_noinit_RamAHB32 = .)

.noinit         0x1000020c        0x0
                0x1000020c                        _noinit = .
                [!provide]                        PROVIDE (__start_noinit_RAM = .)
                [!provide]                        PROVIDE (__start_noinit_RamLoc32 = .)
 *(.noinit*)
                0x1000020c                        . = ALIGN (0x4)
                0x1000020c                        _end_noinit = .
                [!provide]                        PROVIDE (__end_noinit_RAM = .)
                [!provide]                        PROVIDE (__end_noinit_RamLoc32 = .)
                0x1000020c                        PROVIDE (_pvHeapStart = DEFINED (__user_heap_base)?__user_heap_base:.)
                0x10008000                        PROVIDE (_vStackTop = DEFINED (__user_stack_top)?__user_stack_top:(__top_RamLoc32 - 0x0))
                0xefff749e                        PROVIDE (__valid_user_code_checksum = (0x0 - ((((((_vStackTop + (ResetISR + 0x1)) + (NMI_Handler + 0x1)) + (HardFault_Handler + 0x1)) + (DEFINED (MemManage_Handler)?MemManage_Handler:0x0 + 0x1)) + (DEFINED (BusFault_Handler)?BusFault_Handler:0x0 + 0x1)) + (DEFINED (UsageFault_Handler)?UsageFault_Handler:0x0 + 0x1))))
                0x00000000                        _image_start = LOADADDR (.text)
                0x00002f1c                        _image_end = (LOADADDR (.data) + SIZEOF (.data))
                0x00002f1c                        _image_size = (_image_end - _image_start)
OUTPUT(trigonometry.axf elf32-littlearm)
LOAD linker stubs

.debug_info     0x00000000     0x8177
 .debug_info    0x00000000      0x2a5 ./src/cr_startup_lpc175x_6x.o
 .debug_info    0x000002a5       0x40 ./src/crp.o
 .debug_info    0x000002e5      0x219 ./src/main.o
 .debug_info    0x000004fe      0x347 C:\Users\emanu\Documents\MCUXpressoIDE_25.6.136\workspace\CMSISv2p00_LPC17xx\Debug\libCMSISv2p00_LPC17xx.a(system_LPC17xx.o)
 .debug_info    0x00000845       0x85 C:/nxp/MCUXpressoIDE_25.6.136/ide/plugins/com.nxp.mcuxpresso.tools.win32_25.6.0.202501151204/tools/bin/../lib/gcc/arm-none-eabi/14.2.1/../../../../arm-none-eabi/lib/thumb/v7-m/nofp\libcr_semihost.a(_cr__main.o)
 .debug_info    0x000008ca       0xe2 C:/nxp/MCUXpressoIDE_25.6.136/ide/plugins/com.nxp.mcuxpresso.tools.win32_25.6.0.202501151204/tools/bin/../lib/gcc/arm-none-eabi/14.2.1/../../../../arm-none-eabi/lib/thumb/v7-m/nofp\libcr_c.a(cos.o)
 .debug_info    0x000009ac     0x157e C:/nxp/MCUXpressoIDE_25.6.136/ide/plugins/com.nxp.mcuxpresso.tools.win32_25.6.0.202501151204/tools/bin/../lib/gcc/arm-none-eabi/14.2.1/../../../../arm-none-eabi/lib/thumb/v7-m/nofp\libcr_c.a(fpprintf.o)
 .debug_info    0x00001f2a      0x339 C:/nxp/MCUXpressoIDE_25.6.136/ide/plugins/com.nxp.mcuxpresso.tools.win32_25.6.0.202501151204/tools/bin/../lib/gcc/arm-none-eabi/14.2.1/../../../../arm-none-eabi/lib/thumb/v7-m/nofp\libcr_c.a(initio.o)
 .debug_info    0x00002263     0x1296 C:/nxp/MCUXpressoIDE_25.6.136/ide/plugins/com.nxp.mcuxpresso.tools.win32_25.6.0.202501151204/tools/bin/../lib/gcc/arm-none-eabi/14.2.1/../../../../arm-none-eabi/lib/thumb/v7-m/nofp\libcr_c.a(printf.o)
 .debug_info    0x000034f9      0x1fd C:/nxp/MCUXpressoIDE_25.6.136/ide/plugins/com.nxp.mcuxpresso.tools.win32_25.6.0.202501151204/tools/bin/../lib/gcc/arm-none-eabi/14.2.1/../../../../arm-none-eabi/lib/thumb/v7-m/nofp\libcr_c.a(setvbuf.o)
 .debug_info    0x000036f6       0xbe C:/nxp/MCUXpressoIDE_25.6.136/ide/plugins/com.nxp.mcuxpresso.tools.win32_25.6.0.202501151204/tools/bin/../lib/gcc/arm-none-eabi/14.2.1/../../../../arm-none-eabi/lib/thumb/v7-m/nofp\libcr_c.a(sin.o)
 .debug_info    0x000037b4       0xe1 C:/nxp/MCUXpressoIDE_25.6.136/ide/plugins/com.nxp.mcuxpresso.tools.win32_25.6.0.202501151204/tools/bin/../lib/gcc/arm-none-eabi/14.2.1/../../../../arm-none-eabi/lib/thumb/v7-m/nofp\libcr_c.a(strlen.o)
 .debug_info    0x00003895       0xfc C:/nxp/MCUXpressoIDE_25.6.136/ide/plugins/com.nxp.mcuxpresso.tools.win32_25.6.0.202501151204/tools/bin/../lib/gcc/arm-none-eabi/14.2.1/../../../../arm-none-eabi/lib/thumb/v7-m/nofp\libcr_c.a(memset.o)
 .debug_info    0x00003991      0x396 C:/nxp/MCUXpressoIDE_25.6.136/ide/plugins/com.nxp.mcuxpresso.tools.win32_25.6.0.202501151204/tools/bin/../lib/gcc/arm-none-eabi/14.2.1/../../../../arm-none-eabi/lib/thumb/v7-m/nofp\libcr_c.a(_deferredlazyseek.o)
 .debug_info    0x00003d27      0x24b C:/nxp/MCUXpressoIDE_25.6.136/ide/plugins/com.nxp.mcuxpresso.tools.win32_25.6.0.202501151204/tools/bin/../lib/gcc/arm-none-eabi/14.2.1/../../../../arm-none-eabi/lib/thumb/v7-m/nofp\libcr_c.a(_fdopen.o)
 .debug_info    0x00003f72      0x1e3 C:/nxp/MCUXpressoIDE_25.6.136/ide/plugins/com.nxp.mcuxpresso.tools.win32_25.6.0.202501151204/tools/bin/../lib/gcc/arm-none-eabi/14.2.1/../../../../arm-none-eabi/lib/thumb/v7-m/nofp\libcr_c.a(_fflush.o)
 .debug_info    0x00004155      0x15e C:/nxp/MCUXpressoIDE_25.6.136/ide/plugins/com.nxp.mcuxpresso.tools.win32_25.6.0.202501151204/tools/bin/../lib/gcc/arm-none-eabi/14.2.1/../../../../arm-none-eabi/lib/thumb/v7-m/nofp\libcr_c.a(_frexpl.o)
 .debug_info    0x000042b3      0x146 C:/nxp/MCUXpressoIDE_25.6.136/ide/plugins/com.nxp.mcuxpresso.tools.win32_25.6.0.202501151204/tools/bin/../lib/gcc/arm-none-eabi/14.2.1/../../../../arm-none-eabi/lib/thumb/v7-m/nofp\libcr_c.a(_ldexpl.o)
 .debug_info    0x000043f9      0x286 C:/nxp/MCUXpressoIDE_25.6.136/ide/plugins/com.nxp.mcuxpresso.tools.win32_25.6.0.202501151204/tools/bin/../lib/gcc/arm-none-eabi/14.2.1/../../../../arm-none-eabi/lib/thumb/v7-m/nofp\libcr_c.a(_sincos.o)
 .debug_info    0x0000467f      0x289 C:/nxp/MCUXpressoIDE_25.6.136/ide/plugins/com.nxp.mcuxpresso.tools.win32_25.6.0.202501151204/tools/bin/../lib/gcc/arm-none-eabi/14.2.1/../../../../arm-none-eabi/lib/thumb/v7-m/nofp\libcr_c.a(_writebuf.o)
 .debug_info    0x00004908      0x520 C:/nxp/MCUXpressoIDE_25.6.136/ide/plugins/com.nxp.mcuxpresso.tools.win32_25.6.0.202501151204/tools/bin/../lib/gcc/arm-none-eabi/14.2.1/../../../../arm-none-eabi/lib/thumb/v7-m/nofp\libcr_c.a(alloc.o)
 .debug_info    0x00004e28       0x44 C:/nxp/MCUXpressoIDE_25.6.136/ide/plugins/com.nxp.mcuxpresso.tools.win32_25.6.0.202501151204/tools/bin/../lib/gcc/arm-none-eabi/14.2.1/../../../../arm-none-eabi/lib/thumb/v7-m/nofp\libcr_c.a(errno.o)
 .debug_info    0x00004e6c       0x8f C:/nxp/MCUXpressoIDE_25.6.136/ide/plugins/com.nxp.mcuxpresso.tools.win32_25.6.0.202501151204/tools/bin/../lib/gcc/arm-none-eabi/14.2.1/../../../../arm-none-eabi/lib/thumb/v7-m/nofp\libcr_c.a(fabs.o)
 .debug_info    0x00004efb      0x31e C:/nxp/MCUXpressoIDE_25.6.136/ide/plugins/com.nxp.mcuxpresso.tools.win32_25.6.0.202501151204/tools/bin/../lib/gcc/arm-none-eabi/14.2.1/../../../../arm-none-eabi/lib/thumb/v7-m/nofp\libcr_c.a(fclose.o)
 .debug_info    0x00005219      0x209 C:/nxp/MCUXpressoIDE_25.6.136/ide/plugins/com.nxp.mcuxpresso.tools.win32_25.6.0.202501151204/tools/bin/../lib/gcc/arm-none-eabi/14.2.1/../../../../arm-none-eabi/lib/thumb/v7-m/nofp\libcr_c.a(fflush.o)
 .debug_info    0x00005422      0x276 C:/nxp/MCUXpressoIDE_25.6.136/ide/plugins/com.nxp.mcuxpresso.tools.win32_25.6.0.202501151204/tools/bin/../lib/gcc/arm-none-eabi/14.2.1/../../../../arm-none-eabi/lib/thumb/v7-m/nofp\libcr_c.a(fseek.o)
 .debug_info    0x00005698      0x197 C:/nxp/MCUXpressoIDE_25.6.136/ide/plugins/com.nxp.mcuxpresso.tools.win32_25.6.0.202501151204/tools/bin/../lib/gcc/arm-none-eabi/14.2.1/../../../../arm-none-eabi/lib/thumb/v7-m/nofp\libcr_c.a(ftell.o)
 .debug_info    0x0000582f      0x1d7 C:/nxp/MCUXpressoIDE_25.6.136/ide/plugins/com.nxp.mcuxpresso.tools.win32_25.6.0.202501151204/tools/bin/../lib/gcc/arm-none-eabi/14.2.1/../../../../arm-none-eabi/lib/thumb/v7-m/nofp\libcr_c.a(remove.o)
 .debug_info    0x00005a06       0xd4 C:/nxp/MCUXpressoIDE_25.6.136/ide/plugins/com.nxp.mcuxpresso.tools.win32_25.6.0.202501151204/tools/bin/../lib/gcc/arm-none-eabi/14.2.1/../../../../arm-none-eabi/lib/thumb/v7-m/nofp\libcr_c.a(__init_alloc.o)
 .debug_info    0x00005ada      0x107 C:/nxp/MCUXpressoIDE_25.6.136/ide/plugins/com.nxp.mcuxpresso.tools.win32_25.6.0.202501151204/tools/bin/../lib/gcc/arm-none-eabi/14.2.1/../../../../arm-none-eabi/lib/thumb/v7-m/nofp\libcr_c.a(_cr_sbrk.o)
 .debug_info    0x00005be1      0x23a C:/nxp/MCUXpressoIDE_25.6.136/ide/plugins/com.nxp.mcuxpresso.tools.win32_25.6.0.202501151204/tools/bin/../lib/gcc/arm-none-eabi/14.2.1/../../../../arm-none-eabi/lib/thumb/v7-m/nofp\libcr_c.a(_do_fflush.o)
 .debug_info    0x00005e1b       0x78 C:/nxp/MCUXpressoIDE_25.6.136/ide/plugins/com.nxp.mcuxpresso.tools.win32_25.6.0.202501151204/tools/bin/../lib/gcc/arm-none-eabi/14.2.1/../../../../arm-none-eabi/lib/thumb/v7-m/nofp\libcr_c.a(_cr_check_heap.o)
 .debug_info    0x00005e93     0x2159 C:/nxp/MCUXpressoIDE_25.6.136/ide/plugins/com.nxp.mcuxpresso.tools.win32_25.6.0.202501151204/tools/bin/../lib/gcc/arm-none-eabi/14.2.1/thumb/v7-m/nofp\libcr_eabihelpers.a(double.o)
 .debug_info    0x00007fec      0x18b C:/nxp/MCUXpressoIDE_25.6.136/ide/plugins/com.nxp.mcuxpresso.tools.win32_25.6.0.202501151204/tools/bin/../lib/gcc/arm-none-eabi/14.2.1/../../../../arm-none-eabi/lib/thumb/v7-m/nofp\libcr_semihost.a(__ciob.o)

.debug_abbrev   0x00000000     0x28b3
 .debug_abbrev  0x00000000      0x14d ./src/cr_startup_lpc175x_6x.o
 .debug_abbrev  0x0000014d       0x38 ./src/crp.o
 .debug_abbrev  0x00000185      0x140 ./src/main.o
 .debug_abbrev  0x000002c5      0x10e C:\Users\emanu\Documents\MCUXpressoIDE_25.6.136\workspace\CMSISv2p00_LPC17xx\Debug\libCMSISv2p00_LPC17xx.a(system_LPC17xx.o)
 .debug_abbrev  0x000003d3       0x70 C:/nxp/MCUXpressoIDE_25.6.136/ide/plugins/com.nxp.mcuxpresso.tools.win32_25.6.0.202501151204/tools/bin/../lib/gcc/arm-none-eabi/14.2.1/../../../../arm-none-eabi/lib/thumb/v7-m/nofp\libcr_semihost.a(_cr__main.o)
 .debug_abbrev  0x00000443       0x92 C:/nxp/MCUXpressoIDE_25.6.136/ide/plugins/com.nxp.mcuxpresso.tools.win32_25.6.0.202501151204/tools/bin/../lib/gcc/arm-none-eabi/14.2.1/../../../../arm-none-eabi/lib/thumb/v7-m/nofp\libcr_c.a(cos.o)
 .debug_abbrev  0x000004d5      0x46c C:/nxp/MCUXpressoIDE_25.6.136/ide/plugins/com.nxp.mcuxpresso.tools.win32_25.6.0.202501151204/tools/bin/../lib/gcc/arm-none-eabi/14.2.1/../../../../arm-none-eabi/lib/thumb/v7-m/nofp\libcr_c.a(fpprintf.o)
 .debug_abbrev  0x00000941      0x169 C:/nxp/MCUXpressoIDE_25.6.136/ide/plugins/com.nxp.mcuxpresso.tools.win32_25.6.0.202501151204/tools/bin/../lib/gcc/arm-none-eabi/14.2.1/../../../../arm-none-eabi/lib/thumb/v7-m/nofp\libcr_c.a(initio.o)
 .debug_abbrev  0x00000aaa      0x3ba C:/nxp/MCUXpressoIDE_25.6.136/ide/plugins/com.nxp.mcuxpresso.tools.win32_25.6.0.202501151204/tools/bin/../lib/gcc/arm-none-eabi/14.2.1/../../../../arm-none-eabi/lib/thumb/v7-m/nofp\libcr_c.a(printf.o)
 .debug_abbrev  0x00000e64       0xe1 C:/nxp/MCUXpressoIDE_25.6.136/ide/plugins/com.nxp.mcuxpresso.tools.win32_25.6.0.202501151204/tools/bin/../lib/gcc/arm-none-eabi/14.2.1/../../../../arm-none-eabi/lib/thumb/v7-m/nofp\libcr_c.a(setvbuf.o)
 .debug_abbrev  0x00000f45       0x92 C:/nxp/MCUXpressoIDE_25.6.136/ide/plugins/com.nxp.mcuxpresso.tools.win32_25.6.0.202501151204/tools/bin/../lib/gcc/arm-none-eabi/14.2.1/../../../../arm-none-eabi/lib/thumb/v7-m/nofp\libcr_c.a(sin.o)
 .debug_abbrev  0x00000fd7       0xa7 C:/nxp/MCUXpressoIDE_25.6.136/ide/plugins/com.nxp.mcuxpresso.tools.win32_25.6.0.202501151204/tools/bin/../lib/gcc/arm-none-eabi/14.2.1/../../../../arm-none-eabi/lib/thumb/v7-m/nofp\libcr_c.a(strlen.o)
 .debug_abbrev  0x0000107e       0xa8 C:/nxp/MCUXpressoIDE_25.6.136/ide/plugins/com.nxp.mcuxpresso.tools.win32_25.6.0.202501151204/tools/bin/../lib/gcc/arm-none-eabi/14.2.1/../../../../arm-none-eabi/lib/thumb/v7-m/nofp\libcr_c.a(memset.o)
 .debug_abbrev  0x00001126      0x18e C:/nxp/MCUXpressoIDE_25.6.136/ide/plugins/com.nxp.mcuxpresso.tools.win32_25.6.0.202501151204/tools/bin/../lib/gcc/arm-none-eabi/14.2.1/../../../../arm-none-eabi/lib/thumb/v7-m/nofp\libcr_c.a(_deferredlazyseek.o)
 .debug_abbrev  0x000012b4      0x119 C:/nxp/MCUXpressoIDE_25.6.136/ide/plugins/com.nxp.mcuxpresso.tools.win32_25.6.0.202501151204/tools/bin/../lib/gcc/arm-none-eabi/14.2.1/../../../../arm-none-eabi/lib/thumb/v7-m/nofp\libcr_c.a(_fdopen.o)
 .debug_abbrev  0x000013cd       0xf1 C:/nxp/MCUXpressoIDE_25.6.136/ide/plugins/com.nxp.mcuxpresso.tools.win32_25.6.0.202501151204/tools/bin/../lib/gcc/arm-none-eabi/14.2.1/../../../../arm-none-eabi/lib/thumb/v7-m/nofp\libcr_c.a(_fflush.o)
 .debug_abbrev  0x000014be      0x123 C:/nxp/MCUXpressoIDE_25.6.136/ide/plugins/com.nxp.mcuxpresso.tools.win32_25.6.0.202501151204/tools/bin/../lib/gcc/arm-none-eabi/14.2.1/../../../../arm-none-eabi/lib/thumb/v7-m/nofp\libcr_c.a(_frexpl.o)
 .debug_abbrev  0x000015e1      0x115 C:/nxp/MCUXpressoIDE_25.6.136/ide/plugins/com.nxp.mcuxpresso.tools.win32_25.6.0.202501151204/tools/bin/../lib/gcc/arm-none-eabi/14.2.1/../../../../arm-none-eabi/lib/thumb/v7-m/nofp\libcr_c.a(_ldexpl.o)
 .debug_abbrev  0x000016f6       0xd4 C:/nxp/MCUXpressoIDE_25.6.136/ide/plugins/com.nxp.mcuxpresso.tools.win32_25.6.0.202501151204/tools/bin/../lib/gcc/arm-none-eabi/14.2.1/../../../../arm-none-eabi/lib/thumb/v7-m/nofp\libcr_c.a(_sincos.o)
 .debug_abbrev  0x000017ca      0x126 C:/nxp/MCUXpressoIDE_25.6.136/ide/plugins/com.nxp.mcuxpresso.tools.win32_25.6.0.202501151204/tools/bin/../lib/gcc/arm-none-eabi/14.2.1/../../../../arm-none-eabi/lib/thumb/v7-m/nofp\libcr_c.a(_writebuf.o)
 .debug_abbrev  0x000018f0      0x284 C:/nxp/MCUXpressoIDE_25.6.136/ide/plugins/com.nxp.mcuxpresso.tools.win32_25.6.0.202501151204/tools/bin/../lib/gcc/arm-none-eabi/14.2.1/../../../../arm-none-eabi/lib/thumb/v7-m/nofp\libcr_c.a(alloc.o)
 .debug_abbrev  0x00001b74       0x44 C:/nxp/MCUXpressoIDE_25.6.136/ide/plugins/com.nxp.mcuxpresso.tools.win32_25.6.0.202501151204/tools/bin/../lib/gcc/arm-none-eabi/14.2.1/../../../../arm-none-eabi/lib/thumb/v7-m/nofp\libcr_c.a(errno.o)
 .debug_abbrev  0x00001bb8       0x74 C:/nxp/MCUXpressoIDE_25.6.136/ide/plugins/com.nxp.mcuxpresso.tools.win32_25.6.0.202501151204/tools/bin/../lib/gcc/arm-none-eabi/14.2.1/../../../../arm-none-eabi/lib/thumb/v7-m/nofp\libcr_c.a(fabs.o)
 .debug_abbrev  0x00001c2c      0x158 C:/nxp/MCUXpressoIDE_25.6.136/ide/plugins/com.nxp.mcuxpresso.tools.win32_25.6.0.202501151204/tools/bin/../lib/gcc/arm-none-eabi/14.2.1/../../../../arm-none-eabi/lib/thumb/v7-m/nofp\libcr_c.a(fclose.o)
 .debug_abbrev  0x00001d84      0x125 C:/nxp/MCUXpressoIDE_25.6.136/ide/plugins/com.nxp.mcuxpresso.tools.win32_25.6.0.202501151204/tools/bin/../lib/gcc/arm-none-eabi/14.2.1/../../../../arm-none-eabi/lib/thumb/v7-m/nofp\libcr_c.a(fflush.o)
 .debug_abbrev  0x00001ea9      0x11b C:/nxp/MCUXpressoIDE_25.6.136/ide/plugins/com.nxp.mcuxpresso.tools.win32_25.6.0.202501151204/tools/bin/../lib/gcc/arm-none-eabi/14.2.1/../../../../arm-none-eabi/lib/thumb/v7-m/nofp\libcr_c.a(fseek.o)
 .debug_abbrev  0x00001fc4       0xc2 C:/nxp/MCUXpressoIDE_25.6.136/ide/plugins/com.nxp.mcuxpresso.tools.win32_25.6.0.202501151204/tools/bin/../lib/gcc/arm-none-eabi/14.2.1/../../../../arm-none-eabi/lib/thumb/v7-m/nofp\libcr_c.a(ftell.o)
 .debug_abbrev  0x00002086       0xfb C:/nxp/MCUXpressoIDE_25.6.136/ide/plugins/com.nxp.mcuxpresso.tools.win32_25.6.0.202501151204/tools/bin/../lib/gcc/arm-none-eabi/14.2.1/../../../../arm-none-eabi/lib/thumb/v7-m/nofp\libcr_c.a(remove.o)
 .debug_abbrev  0x00002181       0xaf C:/nxp/MCUXpressoIDE_25.6.136/ide/plugins/com.nxp.mcuxpresso.tools.win32_25.6.0.202501151204/tools/bin/../lib/gcc/arm-none-eabi/14.2.1/../../../../arm-none-eabi/lib/thumb/v7-m/nofp\libcr_c.a(__init_alloc.o)
 .debug_abbrev  0x00002230       0xd3 C:/nxp/MCUXpressoIDE_25.6.136/ide/plugins/com.nxp.mcuxpresso.tools.win32_25.6.0.202501151204/tools/bin/../lib/gcc/arm-none-eabi/14.2.1/../../../../arm-none-eabi/lib/thumb/v7-m/nofp\libcr_c.a(_cr_sbrk.o)
 .debug_abbrev  0x00002303      0x12c C:/nxp/MCUXpressoIDE_25.6.136/ide/plugins/com.nxp.mcuxpresso.tools.win32_25.6.0.202501151204/tools/bin/../lib/gcc/arm-none-eabi/14.2.1/../../../../arm-none-eabi/lib/thumb/v7-m/nofp\libcr_c.a(_do_fflush.o)
 .debug_abbrev  0x0000242f       0x6b C:/nxp/MCUXpressoIDE_25.6.136/ide/plugins/com.nxp.mcuxpresso.tools.win32_25.6.0.202501151204/tools/bin/../lib/gcc/arm-none-eabi/14.2.1/../../../../arm-none-eabi/lib/thumb/v7-m/nofp\libcr_c.a(_cr_check_heap.o)
 .debug_abbrev  0x0000249a      0x364 C:/nxp/MCUXpressoIDE_25.6.136/ide/plugins/com.nxp.mcuxpresso.tools.win32_25.6.0.202501151204/tools/bin/../lib/gcc/arm-none-eabi/14.2.1/thumb/v7-m/nofp\libcr_eabihelpers.a(double.o)
 .debug_abbrev  0x000027fe       0xb5 C:/nxp/MCUXpressoIDE_25.6.136/ide/plugins/com.nxp.mcuxpresso.tools.win32_25.6.0.202501151204/tools/bin/../lib/gcc/arm-none-eabi/14.2.1/../../../../arm-none-eabi/lib/thumb/v7-m/nofp\libcr_semihost.a(__ciob.o)

.debug_aranges  0x00000000      0x650
 .debug_aranges
                0x00000000       0x80 ./src/cr_startup_lpc175x_6x.o
 .debug_aranges
                0x00000080       0x18 ./src/crp.o
 .debug_aranges
                0x00000098       0x40 ./src/main.o
 .debug_aranges
                0x000000d8       0x28 C:\Users\emanu\Documents\MCUXpressoIDE_25.6.136\workspace\CMSISv2p00_LPC17xx\Debug\libCMSISv2p00_LPC17xx.a(system_LPC17xx.o)
 .debug_aranges
                0x00000100       0x20 C:/nxp/MCUXpressoIDE_25.6.136/ide/plugins/com.nxp.mcuxpresso.tools.win32_25.6.0.202501151204/tools/bin/../lib/gcc/arm-none-eabi/14.2.1/../../../../arm-none-eabi/lib/thumb/v7-m/nofp\libcr_semihost.a(_cr__main.o)
 .debug_aranges
                0x00000120       0x20 C:/nxp/MCUXpressoIDE_25.6.136/ide/plugins/com.nxp.mcuxpresso.tools.win32_25.6.0.202501151204/tools/bin/../lib/gcc/arm-none-eabi/14.2.1/../../../../arm-none-eabi/lib/thumb/v7-m/nofp\libcr_c.a(cos.o)
 .debug_aranges
                0x00000140       0x78 C:/nxp/MCUXpressoIDE_25.6.136/ide/plugins/com.nxp.mcuxpresso.tools.win32_25.6.0.202501151204/tools/bin/../lib/gcc/arm-none-eabi/14.2.1/../../../../arm-none-eabi/lib/thumb/v7-m/nofp\libcr_c.a(fpprintf.o)
 .debug_aranges
                0x000001b8       0x28 C:/nxp/MCUXpressoIDE_25.6.136/ide/plugins/com.nxp.mcuxpresso.tools.win32_25.6.0.202501151204/tools/bin/../lib/gcc/arm-none-eabi/14.2.1/../../../../arm-none-eabi/lib/thumb/v7-m/nofp\libcr_c.a(initio.o)
 .debug_aranges
                0x000001e0       0x70 C:/nxp/MCUXpressoIDE_25.6.136/ide/plugins/com.nxp.mcuxpresso.tools.win32_25.6.0.202501151204/tools/bin/../lib/gcc/arm-none-eabi/14.2.1/../../../../arm-none-eabi/lib/thumb/v7-m/nofp\libcr_c.a(printf.o)
 .debug_aranges
                0x00000250       0x20 C:/nxp/MCUXpressoIDE_25.6.136/ide/plugins/com.nxp.mcuxpresso.tools.win32_25.6.0.202501151204/tools/bin/../lib/gcc/arm-none-eabi/14.2.1/../../../../arm-none-eabi/lib/thumb/v7-m/nofp\libcr_c.a(setvbuf.o)
 .debug_aranges
                0x00000270       0x20 C:/nxp/MCUXpressoIDE_25.6.136/ide/plugins/com.nxp.mcuxpresso.tools.win32_25.6.0.202501151204/tools/bin/../lib/gcc/arm-none-eabi/14.2.1/../../../../arm-none-eabi/lib/thumb/v7-m/nofp\libcr_c.a(sin.o)
 .debug_aranges
                0x00000290       0x20 C:/nxp/MCUXpressoIDE_25.6.136/ide/plugins/com.nxp.mcuxpresso.tools.win32_25.6.0.202501151204/tools/bin/../lib/gcc/arm-none-eabi/14.2.1/../../../../arm-none-eabi/lib/thumb/v7-m/nofp\libcr_c.a(strlen.o)
 .debug_aranges
                0x000002b0       0x20 C:/nxp/MCUXpressoIDE_25.6.136/ide/plugins/com.nxp.mcuxpresso.tools.win32_25.6.0.202501151204/tools/bin/../lib/gcc/arm-none-eabi/14.2.1/../../../../arm-none-eabi/lib/thumb/v7-m/nofp\libcr_c.a(memset.o)
 .debug_aranges
                0x000002d0       0x28 C:/nxp/MCUXpressoIDE_25.6.136/ide/plugins/com.nxp.mcuxpresso.tools.win32_25.6.0.202501151204/tools/bin/../lib/gcc/arm-none-eabi/14.2.1/../../../../arm-none-eabi/lib/thumb/v7-m/nofp\libcr_c.a(_deferredlazyseek.o)
 .debug_aranges
                0x000002f8       0x20 C:/nxp/MCUXpressoIDE_25.6.136/ide/plugins/com.nxp.mcuxpresso.tools.win32_25.6.0.202501151204/tools/bin/../lib/gcc/arm-none-eabi/14.2.1/../../../../arm-none-eabi/lib/thumb/v7-m/nofp\libcr_c.a(_fdopen.o)
 .debug_aranges
                0x00000318       0x20 C:/nxp/MCUXpressoIDE_25.6.136/ide/plugins/com.nxp.mcuxpresso.tools.win32_25.6.0.202501151204/tools/bin/../lib/gcc/arm-none-eabi/14.2.1/../../../../arm-none-eabi/lib/thumb/v7-m/nofp\libcr_c.a(_fflush.o)
 .debug_aranges
                0x00000338       0x20 C:/nxp/MCUXpressoIDE_25.6.136/ide/plugins/com.nxp.mcuxpresso.tools.win32_25.6.0.202501151204/tools/bin/../lib/gcc/arm-none-eabi/14.2.1/../../../../arm-none-eabi/lib/thumb/v7-m/nofp\libcr_c.a(_frexpl.o)
 .debug_aranges
                0x00000358       0x20 C:/nxp/MCUXpressoIDE_25.6.136/ide/plugins/com.nxp.mcuxpresso.tools.win32_25.6.0.202501151204/tools/bin/../lib/gcc/arm-none-eabi/14.2.1/../../../../arm-none-eabi/lib/thumb/v7-m/nofp\libcr_c.a(_ldexpl.o)
 .debug_aranges
                0x00000378       0x20 C:/nxp/MCUXpressoIDE_25.6.136/ide/plugins/com.nxp.mcuxpresso.tools.win32_25.6.0.202501151204/tools/bin/../lib/gcc/arm-none-eabi/14.2.1/../../../../arm-none-eabi/lib/thumb/v7-m/nofp\libcr_c.a(_sincos.o)
 .debug_aranges
                0x00000398       0x20 C:/nxp/MCUXpressoIDE_25.6.136/ide/plugins/com.nxp.mcuxpresso.tools.win32_25.6.0.202501151204/tools/bin/../lib/gcc/arm-none-eabi/14.2.1/../../../../arm-none-eabi/lib/thumb/v7-m/nofp\libcr_c.a(_writebuf.o)
 .debug_aranges
                0x000003b8       0x40 C:/nxp/MCUXpressoIDE_25.6.136/ide/plugins/com.nxp.mcuxpresso.tools.win32_25.6.0.202501151204/tools/bin/../lib/gcc/arm-none-eabi/14.2.1/../../../../arm-none-eabi/lib/thumb/v7-m/nofp\libcr_c.a(alloc.o)
 .debug_aranges
                0x000003f8       0x18 C:/nxp/MCUXpressoIDE_25.6.136/ide/plugins/com.nxp.mcuxpresso.tools.win32_25.6.0.202501151204/tools/bin/../lib/gcc/arm-none-eabi/14.2.1/../../../../arm-none-eabi/lib/thumb/v7-m/nofp\libcr_c.a(errno.o)
 .debug_aranges
                0x00000410       0x20 C:/nxp/MCUXpressoIDE_25.6.136/ide/plugins/com.nxp.mcuxpresso.tools.win32_25.6.0.202501151204/tools/bin/../lib/gcc/arm-none-eabi/14.2.1/../../../../arm-none-eabi/lib/thumb/v7-m/nofp\libcr_c.a(fabs.o)
 .debug_aranges
                0x00000430       0x20 C:/nxp/MCUXpressoIDE_25.6.136/ide/plugins/com.nxp.mcuxpresso.tools.win32_25.6.0.202501151204/tools/bin/../lib/gcc/arm-none-eabi/14.2.1/../../../../arm-none-eabi/lib/thumb/v7-m/nofp\libcr_c.a(fclose.o)
 .debug_aranges
                0x00000450       0x20 C:/nxp/MCUXpressoIDE_25.6.136/ide/plugins/com.nxp.mcuxpresso.tools.win32_25.6.0.202501151204/tools/bin/../lib/gcc/arm-none-eabi/14.2.1/../../../../arm-none-eabi/lib/thumb/v7-m/nofp\libcr_c.a(fflush.o)
 .debug_aranges
                0x00000470       0x20 C:/nxp/MCUXpressoIDE_25.6.136/ide/plugins/com.nxp.mcuxpresso.tools.win32_25.6.0.202501151204/tools/bin/../lib/gcc/arm-none-eabi/14.2.1/../../../../arm-none-eabi/lib/thumb/v7-m/nofp\libcr_c.a(fseek.o)
 .debug_aranges
                0x00000490       0x20 C:/nxp/MCUXpressoIDE_25.6.136/ide/plugins/com.nxp.mcuxpresso.tools.win32_25.6.0.202501151204/tools/bin/../lib/gcc/arm-none-eabi/14.2.1/../../../../arm-none-eabi/lib/thumb/v7-m/nofp\libcr_c.a(ftell.o)
 .debug_aranges
                0x000004b0       0x28 C:/nxp/MCUXpressoIDE_25.6.136/ide/plugins/com.nxp.mcuxpresso.tools.win32_25.6.0.202501151204/tools/bin/../lib/gcc/arm-none-eabi/14.2.1/../../../../arm-none-eabi/lib/thumb/v7-m/nofp\libcr_c.a(remove.o)
 .debug_aranges
                0x000004d8       0x20 C:/nxp/MCUXpressoIDE_25.6.136/ide/plugins/com.nxp.mcuxpresso.tools.win32_25.6.0.202501151204/tools/bin/../lib/gcc/arm-none-eabi/14.2.1/../../../../arm-none-eabi/lib/thumb/v7-m/nofp\libcr_c.a(__init_alloc.o)
 .debug_aranges
                0x000004f8       0x20 C:/nxp/MCUXpressoIDE_25.6.136/ide/plugins/com.nxp.mcuxpresso.tools.win32_25.6.0.202501151204/tools/bin/../lib/gcc/arm-none-eabi/14.2.1/../../../../arm-none-eabi/lib/thumb/v7-m/nofp\libcr_c.a(_cr_sbrk.o)
 .debug_aranges
                0x00000518       0x20 C:/nxp/MCUXpressoIDE_25.6.136/ide/plugins/com.nxp.mcuxpresso.tools.win32_25.6.0.202501151204/tools/bin/../lib/gcc/arm-none-eabi/14.2.1/../../../../arm-none-eabi/lib/thumb/v7-m/nofp\libcr_c.a(_do_fflush.o)
 .debug_aranges
                0x00000538       0x20 C:/nxp/MCUXpressoIDE_25.6.136/ide/plugins/com.nxp.mcuxpresso.tools.win32_25.6.0.202501151204/tools/bin/../lib/gcc/arm-none-eabi/14.2.1/../../../../arm-none-eabi/lib/thumb/v7-m/nofp\libcr_c.a(_cr_check_heap.o)
 .debug_aranges
                0x00000558       0xe0 C:/nxp/MCUXpressoIDE_25.6.136/ide/plugins/com.nxp.mcuxpresso.tools.win32_25.6.0.202501151204/tools/bin/../lib/gcc/arm-none-eabi/14.2.1/thumb/v7-m/nofp\libcr_eabihelpers.a(double.o)
 .debug_aranges
                0x00000638       0x18 C:/nxp/MCUXpressoIDE_25.6.136/ide/plugins/com.nxp.mcuxpresso.tools.win32_25.6.0.202501151204/tools/bin/../lib/gcc/arm-none-eabi/14.2.1/../../../../arm-none-eabi/lib/thumb/v7-m/nofp\libcr_semihost.a(__ciob.o)

.debug_ranges   0x00000000      0x8a0
 .debug_ranges  0x00000000       0x70 ./src/cr_startup_lpc175x_6x.o
 .debug_ranges  0x00000070       0x30 ./src/main.o
 .debug_ranges  0x000000a0       0x18 C:\Users\emanu\Documents\MCUXpressoIDE_25.6.136\workspace\CMSISv2p00_LPC17xx\Debug\libCMSISv2p00_LPC17xx.a(system_LPC17xx.o)
 .debug_ranges  0x000000b8       0x10 C:/nxp/MCUXpressoIDE_25.6.136/ide/plugins/com.nxp.mcuxpresso.tools.win32_25.6.0.202501151204/tools/bin/../lib/gcc/arm-none-eabi/14.2.1/../../../../arm-none-eabi/lib/thumb/v7-m/nofp\libcr_semihost.a(_cr__main.o)
 .debug_ranges  0x000000c8       0x10 C:/nxp/MCUXpressoIDE_25.6.136/ide/plugins/com.nxp.mcuxpresso.tools.win32_25.6.0.202501151204/tools/bin/../lib/gcc/arm-none-eabi/14.2.1/../../../../arm-none-eabi/lib/thumb/v7-m/nofp\libcr_c.a(cos.o)
 .debug_ranges  0x000000d8      0x108 C:/nxp/MCUXpressoIDE_25.6.136/ide/plugins/com.nxp.mcuxpresso.tools.win32_25.6.0.202501151204/tools/bin/../lib/gcc/arm-none-eabi/14.2.1/../../../../arm-none-eabi/lib/thumb/v7-m/nofp\libcr_c.a(fpprintf.o)
 .debug_ranges  0x000001e0       0x18 C:/nxp/MCUXpressoIDE_25.6.136/ide/plugins/com.nxp.mcuxpresso.tools.win32_25.6.0.202501151204/tools/bin/../lib/gcc/arm-none-eabi/14.2.1/../../../../arm-none-eabi/lib/thumb/v7-m/nofp\libcr_c.a(initio.o)
 .debug_ranges  0x000001f8      0x248 C:/nxp/MCUXpressoIDE_25.6.136/ide/plugins/com.nxp.mcuxpresso.tools.win32_25.6.0.202501151204/tools/bin/../lib/gcc/arm-none-eabi/14.2.1/../../../../arm-none-eabi/lib/thumb/v7-m/nofp\libcr_c.a(printf.o)
 .debug_ranges  0x00000440       0x10 C:/nxp/MCUXpressoIDE_25.6.136/ide/plugins/com.nxp.mcuxpresso.tools.win32_25.6.0.202501151204/tools/bin/../lib/gcc/arm-none-eabi/14.2.1/../../../../arm-none-eabi/lib/thumb/v7-m/nofp\libcr_c.a(setvbuf.o)
 .debug_ranges  0x00000450       0x10 C:/nxp/MCUXpressoIDE_25.6.136/ide/plugins/com.nxp.mcuxpresso.tools.win32_25.6.0.202501151204/tools/bin/../lib/gcc/arm-none-eabi/14.2.1/../../../../arm-none-eabi/lib/thumb/v7-m/nofp\libcr_c.a(sin.o)
 .debug_ranges  0x00000460       0x10 C:/nxp/MCUXpressoIDE_25.6.136/ide/plugins/com.nxp.mcuxpresso.tools.win32_25.6.0.202501151204/tools/bin/../lib/gcc/arm-none-eabi/14.2.1/../../../../arm-none-eabi/lib/thumb/v7-m/nofp\libcr_c.a(strlen.o)
 .debug_ranges  0x00000470       0x10 C:/nxp/MCUXpressoIDE_25.6.136/ide/plugins/com.nxp.mcuxpresso.tools.win32_25.6.0.202501151204/tools/bin/../lib/gcc/arm-none-eabi/14.2.1/../../../../arm-none-eabi/lib/thumb/v7-m/nofp\libcr_c.a(memset.o)
 .debug_ranges  0x00000480       0x30 C:/nxp/MCUXpressoIDE_25.6.136/ide/plugins/com.nxp.mcuxpresso.tools.win32_25.6.0.202501151204/tools/bin/../lib/gcc/arm-none-eabi/14.2.1/../../../../arm-none-eabi/lib/thumb/v7-m/nofp\libcr_c.a(_deferredlazyseek.o)
 .debug_ranges  0x000004b0       0x10 C:/nxp/MCUXpressoIDE_25.6.136/ide/plugins/com.nxp.mcuxpresso.tools.win32_25.6.0.202501151204/tools/bin/../lib/gcc/arm-none-eabi/14.2.1/../../../../arm-none-eabi/lib/thumb/v7-m/nofp\libcr_c.a(_fdopen.o)
 .debug_ranges  0x000004c0       0x10 C:/nxp/MCUXpressoIDE_25.6.136/ide/plugins/com.nxp.mcuxpresso.tools.win32_25.6.0.202501151204/tools/bin/../lib/gcc/arm-none-eabi/14.2.1/../../../../arm-none-eabi/lib/thumb/v7-m/nofp\libcr_c.a(_fflush.o)
 .debug_ranges  0x000004d0       0x10 C:/nxp/MCUXpressoIDE_25.6.136/ide/plugins/com.nxp.mcuxpresso.tools.win32_25.6.0.202501151204/tools/bin/../lib/gcc/arm-none-eabi/14.2.1/../../../../arm-none-eabi/lib/thumb/v7-m/nofp\libcr_c.a(_frexpl.o)
 .debug_ranges  0x000004e0       0x10 C:/nxp/MCUXpressoIDE_25.6.136/ide/plugins/com.nxp.mcuxpresso.tools.win32_25.6.0.202501151204/tools/bin/../lib/gcc/arm-none-eabi/14.2.1/../../../../arm-none-eabi/lib/thumb/v7-m/nofp\libcr_c.a(_ldexpl.o)
 .debug_ranges  0x000004f0       0x10 C:/nxp/MCUXpressoIDE_25.6.136/ide/plugins/com.nxp.mcuxpresso.tools.win32_25.6.0.202501151204/tools/bin/../lib/gcc/arm-none-eabi/14.2.1/../../../../arm-none-eabi/lib/thumb/v7-m/nofp\libcr_c.a(_sincos.o)
 .debug_ranges  0x00000500       0x10 C:/nxp/MCUXpressoIDE_25.6.136/ide/plugins/com.nxp.mcuxpresso.tools.win32_25.6.0.202501151204/tools/bin/../lib/gcc/arm-none-eabi/14.2.1/../../../../arm-none-eabi/lib/thumb/v7-m/nofp\libcr_c.a(_writebuf.o)
 .debug_ranges  0x00000510       0x48 C:/nxp/MCUXpressoIDE_25.6.136/ide/plugins/com.nxp.mcuxpresso.tools.win32_25.6.0.202501151204/tools/bin/../lib/gcc/arm-none-eabi/14.2.1/../../../../arm-none-eabi/lib/thumb/v7-m/nofp\libcr_c.a(alloc.o)
 .debug_ranges  0x00000558       0x10 C:/nxp/MCUXpressoIDE_25.6.136/ide/plugins/com.nxp.mcuxpresso.tools.win32_25.6.0.202501151204/tools/bin/../lib/gcc/arm-none-eabi/14.2.1/../../../../arm-none-eabi/lib/thumb/v7-m/nofp\libcr_c.a(fabs.o)
 .debug_ranges  0x00000568       0x10 C:/nxp/MCUXpressoIDE_25.6.136/ide/plugins/com.nxp.mcuxpresso.tools.win32_25.6.0.202501151204/tools/bin/../lib/gcc/arm-none-eabi/14.2.1/../../../../arm-none-eabi/lib/thumb/v7-m/nofp\libcr_c.a(fclose.o)
 .debug_ranges  0x00000578       0x28 C:/nxp/MCUXpressoIDE_25.6.136/ide/plugins/com.nxp.mcuxpresso.tools.win32_25.6.0.202501151204/tools/bin/../lib/gcc/arm-none-eabi/14.2.1/../../../../arm-none-eabi/lib/thumb/v7-m/nofp\libcr_c.a(fflush.o)
 .debug_ranges  0x000005a0       0x10 C:/nxp/MCUXpressoIDE_25.6.136/ide/plugins/com.nxp.mcuxpresso.tools.win32_25.6.0.202501151204/tools/bin/../lib/gcc/arm-none-eabi/14.2.1/../../../../arm-none-eabi/lib/thumb/v7-m/nofp\libcr_c.a(fseek.o)
 .debug_ranges  0x000005b0       0x10 C:/nxp/MCUXpressoIDE_25.6.136/ide/plugins/com.nxp.mcuxpresso.tools.win32_25.6.0.202501151204/tools/bin/../lib/gcc/arm-none-eabi/14.2.1/../../../../arm-none-eabi/lib/thumb/v7-m/nofp\libcr_c.a(ftell.o)
 .debug_ranges  0x000005c0       0x18 C:/nxp/MCUXpressoIDE_25.6.136/ide/plugins/com.nxp.mcuxpresso.tools.win32_25.6.0.202501151204/tools/bin/../lib/gcc/arm-none-eabi/14.2.1/../../../../arm-none-eabi/lib/thumb/v7-m/nofp\libcr_c.a(remove.o)
 .debug_ranges  0x000005d8       0x10 C:/nxp/MCUXpressoIDE_25.6.136/ide/plugins/com.nxp.mcuxpresso.tools.win32_25.6.0.202501151204/tools/bin/../lib/gcc/arm-none-eabi/14.2.1/../../../../arm-none-eabi/lib/thumb/v7-m/nofp\libcr_c.a(__init_alloc.o)
 .debug_ranges  0x000005e8       0x10 C:/nxp/MCUXpressoIDE_25.6.136/ide/plugins/com.nxp.mcuxpresso.tools.win32_25.6.0.202501151204/tools/bin/../lib/gcc/arm-none-eabi/14.2.1/../../../../arm-none-eabi/lib/thumb/v7-m/nofp\libcr_c.a(_cr_sbrk.o)
 .debug_ranges  0x000005f8       0x28 C:/nxp/MCUXpressoIDE_25.6.136/ide/plugins/com.nxp.mcuxpresso.tools.win32_25.6.0.202501151204/tools/bin/../lib/gcc/arm-none-eabi/14.2.1/../../../../arm-none-eabi/lib/thumb/v7-m/nofp\libcr_c.a(_do_fflush.o)
 .debug_ranges  0x00000620       0x10 C:/nxp/MCUXpressoIDE_25.6.136/ide/plugins/com.nxp.mcuxpresso.tools.win32_25.6.0.202501151204/tools/bin/../lib/gcc/arm-none-eabi/14.2.1/../../../../arm-none-eabi/lib/thumb/v7-m/nofp\libcr_c.a(_cr_check_heap.o)
 .debug_ranges  0x00000630      0x270 C:/nxp/MCUXpressoIDE_25.6.136/ide/plugins/com.nxp.mcuxpresso.tools.win32_25.6.0.202501151204/tools/bin/../lib/gcc/arm-none-eabi/14.2.1/thumb/v7-m/nofp\libcr_eabihelpers.a(double.o)

.debug_macro    0x00000000     0x2dff
 .debug_macro   0x00000000       0x1d ./src/cr_startup_lpc175x_6x.o
 .debug_macro   0x0000001d      0xade ./src/cr_startup_lpc175x_6x.o
 .debug_macro   0x00000afb       0x1a ./src/crp.o
 .debug_macro   0x00000b15       0x34 ./src/crp.o
 .debug_macro   0x00000b49       0xa3 ./src/main.o
 .debug_macro   0x00000bec       0x1c ./src/main.o
 .debug_macro   0x00000c08       0x2e ./src/main.o
 .debug_macro   0x00000c36       0x10 ./src/main.o
 .debug_macro   0x00000c46      0x12e ./src/main.o
 .debug_macro   0x00000d74      0x5b3 ./src/main.o
 .debug_macro   0x00001327       0x18 ./src/main.o
 .debug_macro   0x0000133f      0x7af ./src/main.o
 .debug_macro   0x00001aee      0x2c7 ./src/main.o
 .debug_macro   0x00001db5       0xa0 ./src/main.o
 .debug_macro   0x00001e55       0xc4 ./src/main.o
 .debug_macro   0x00001f19      0x12b C:\Users\emanu\Documents\MCUXpressoIDE_25.6.136\workspace\CMSISv2p00_LPC17xx\Debug\libCMSISv2p00_LPC17xx.a(system_LPC17xx.o)
 .debug_macro   0x00002044      0xad8 C:\Users\emanu\Documents\MCUXpressoIDE_25.6.136\workspace\CMSISv2p00_LPC17xx\Debug\libCMSISv2p00_LPC17xx.a(system_LPC17xx.o)
 .debug_macro   0x00002b1c       0x1c C:\Users\emanu\Documents\MCUXpressoIDE_25.6.136\workspace\CMSISv2p00_LPC17xx\Debug\libCMSISv2p00_LPC17xx.a(system_LPC17xx.o)
 .debug_macro   0x00002b38      0x2c7 C:\Users\emanu\Documents\MCUXpressoIDE_25.6.136\workspace\CMSISv2p00_LPC17xx\Debug\libCMSISv2p00_LPC17xx.a(system_LPC17xx.o)

.debug_line     0x00000000     0x6ba4
 .debug_line    0x00000000      0x11e ./src/cr_startup_lpc175x_6x.o
 .debug_line    0x0000011e       0xae ./src/crp.o
 .debug_line    0x000001cc      0x329 ./src/main.o
 .debug_line    0x000004f5      0x40c C:\Users\emanu\Documents\MCUXpressoIDE_25.6.136\workspace\CMSISv2p00_LPC17xx\Debug\libCMSISv2p00_LPC17xx.a(system_LPC17xx.o)
 .debug_line    0x00000901       0xc4 C:/nxp/MCUXpressoIDE_25.6.136/ide/plugins/com.nxp.mcuxpresso.tools.win32_25.6.0.202501151204/tools/bin/../lib/gcc/arm-none-eabi/14.2.1/../../../../arm-none-eabi/lib/thumb/v7-m/nofp\libcr_semihost.a(_cr__main.o)
 .debug_line    0x000009c5       0xd1 C:/nxp/MCUXpressoIDE_25.6.136/ide/plugins/com.nxp.mcuxpresso.tools.win32_25.6.0.202501151204/tools/bin/../lib/gcc/arm-none-eabi/14.2.1/../../../../arm-none-eabi/lib/thumb/v7-m/nofp\libcr_c.a(cos.o)
 .debug_line    0x00000a96     0x10b8 C:/nxp/MCUXpressoIDE_25.6.136/ide/plugins/com.nxp.mcuxpresso.tools.win32_25.6.0.202501151204/tools/bin/../lib/gcc/arm-none-eabi/14.2.1/../../../../arm-none-eabi/lib/thumb/v7-m/nofp\libcr_c.a(fpprintf.o)
 .debug_line    0x00001b4e      0x1b9 C:/nxp/MCUXpressoIDE_25.6.136/ide/plugins/com.nxp.mcuxpresso.tools.win32_25.6.0.202501151204/tools/bin/../lib/gcc/arm-none-eabi/14.2.1/../../../../arm-none-eabi/lib/thumb/v7-m/nofp\libcr_c.a(initio.o)
 .debug_line    0x00001d07     0x10fb C:/nxp/MCUXpressoIDE_25.6.136/ide/plugins/com.nxp.mcuxpresso.tools.win32_25.6.0.202501151204/tools/bin/../lib/gcc/arm-none-eabi/14.2.1/../../../../arm-none-eabi/lib/thumb/v7-m/nofp\libcr_c.a(printf.o)
 .debug_line    0x00002e02      0x15c C:/nxp/MCUXpressoIDE_25.6.136/ide/plugins/com.nxp.mcuxpresso.tools.win32_25.6.0.202501151204/tools/bin/../lib/gcc/arm-none-eabi/14.2.1/../../../../arm-none-eabi/lib/thumb/v7-m/nofp\libcr_c.a(setvbuf.o)
 .debug_line    0x00002f5e       0xd0 C:/nxp/MCUXpressoIDE_25.6.136/ide/plugins/com.nxp.mcuxpresso.tools.win32_25.6.0.202501151204/tools/bin/../lib/gcc/arm-none-eabi/14.2.1/../../../../arm-none-eabi/lib/thumb/v7-m/nofp\libcr_c.a(sin.o)
 .debug_line    0x0000302e      0x141 C:/nxp/MCUXpressoIDE_25.6.136/ide/plugins/com.nxp.mcuxpresso.tools.win32_25.6.0.202501151204/tools/bin/../lib/gcc/arm-none-eabi/14.2.1/../../../../arm-none-eabi/lib/thumb/v7-m/nofp\libcr_c.a(strlen.o)
 .debug_line    0x0000316f       0xb3 C:/nxp/MCUXpressoIDE_25.6.136/ide/plugins/com.nxp.mcuxpresso.tools.win32_25.6.0.202501151204/tools/bin/../lib/gcc/arm-none-eabi/14.2.1/../../../../arm-none-eabi/lib/thumb/v7-m/nofp\libcr_c.a(memset.o)
 .debug_line    0x00003222      0x36f C:/nxp/MCUXpressoIDE_25.6.136/ide/plugins/com.nxp.mcuxpresso.tools.win32_25.6.0.202501151204/tools/bin/../lib/gcc/arm-none-eabi/14.2.1/../../../../arm-none-eabi/lib/thumb/v7-m/nofp\libcr_c.a(_deferredlazyseek.o)
 .debug_line    0x00003591      0x18c C:/nxp/MCUXpressoIDE_25.6.136/ide/plugins/com.nxp.mcuxpresso.tools.win32_25.6.0.202501151204/tools/bin/../lib/gcc/arm-none-eabi/14.2.1/../../../../arm-none-eabi/lib/thumb/v7-m/nofp\libcr_c.a(_fdopen.o)
 .debug_line    0x0000371d      0x18f C:/nxp/MCUXpressoIDE_25.6.136/ide/plugins/com.nxp.mcuxpresso.tools.win32_25.6.0.202501151204/tools/bin/../lib/gcc/arm-none-eabi/14.2.1/../../../../arm-none-eabi/lib/thumb/v7-m/nofp\libcr_c.a(_fflush.o)
 .debug_line    0x000038ac      0x14b C:/nxp/MCUXpressoIDE_25.6.136/ide/plugins/com.nxp.mcuxpresso.tools.win32_25.6.0.202501151204/tools/bin/../lib/gcc/arm-none-eabi/14.2.1/../../../../arm-none-eabi/lib/thumb/v7-m/nofp\libcr_c.a(_frexpl.o)
 .debug_line    0x000039f7      0x16b C:/nxp/MCUXpressoIDE_25.6.136/ide/plugins/com.nxp.mcuxpresso.tools.win32_25.6.0.202501151204/tools/bin/../lib/gcc/arm-none-eabi/14.2.1/../../../../arm-none-eabi/lib/thumb/v7-m/nofp\libcr_c.a(_ldexpl.o)
 .debug_line    0x00003b62      0x1b1 C:/nxp/MCUXpressoIDE_25.6.136/ide/plugins/com.nxp.mcuxpresso.tools.win32_25.6.0.202501151204/tools/bin/../lib/gcc/arm-none-eabi/14.2.1/../../../../arm-none-eabi/lib/thumb/v7-m/nofp\libcr_c.a(_sincos.o)
 .debug_line    0x00003d13      0x1a8 C:/nxp/MCUXpressoIDE_25.6.136/ide/plugins/com.nxp.mcuxpresso.tools.win32_25.6.0.202501151204/tools/bin/../lib/gcc/arm-none-eabi/14.2.1/../../../../arm-none-eabi/lib/thumb/v7-m/nofp\libcr_c.a(_writebuf.o)
 .debug_line    0x00003ebb      0x3ed C:/nxp/MCUXpressoIDE_25.6.136/ide/plugins/com.nxp.mcuxpresso.tools.win32_25.6.0.202501151204/tools/bin/../lib/gcc/arm-none-eabi/14.2.1/../../../../arm-none-eabi/lib/thumb/v7-m/nofp\libcr_c.a(alloc.o)
 .debug_line    0x000042a8       0x86 C:/nxp/MCUXpressoIDE_25.6.136/ide/plugins/com.nxp.mcuxpresso.tools.win32_25.6.0.202501151204/tools/bin/../lib/gcc/arm-none-eabi/14.2.1/../../../../arm-none-eabi/lib/thumb/v7-m/nofp\libcr_c.a(errno.o)
 .debug_line    0x0000432e       0x63 C:/nxp/MCUXpressoIDE_25.6.136/ide/plugins/com.nxp.mcuxpresso.tools.win32_25.6.0.202501151204/tools/bin/../lib/gcc/arm-none-eabi/14.2.1/../../../../arm-none-eabi/lib/thumb/v7-m/nofp\libcr_c.a(fabs.o)
 .debug_line    0x00004391      0x17e C:/nxp/MCUXpressoIDE_25.6.136/ide/plugins/com.nxp.mcuxpresso.tools.win32_25.6.0.202501151204/tools/bin/../lib/gcc/arm-none-eabi/14.2.1/../../../../arm-none-eabi/lib/thumb/v7-m/nofp\libcr_c.a(fclose.o)
 .debug_line    0x0000450f      0x151 C:/nxp/MCUXpressoIDE_25.6.136/ide/plugins/com.nxp.mcuxpresso.tools.win32_25.6.0.202501151204/tools/bin/../lib/gcc/arm-none-eabi/14.2.1/../../../../arm-none-eabi/lib/thumb/v7-m/nofp\libcr_c.a(fflush.o)
 .debug_line    0x00004660      0x2a5 C:/nxp/MCUXpressoIDE_25.6.136/ide/plugins/com.nxp.mcuxpresso.tools.win32_25.6.0.202501151204/tools/bin/../lib/gcc/arm-none-eabi/14.2.1/../../../../arm-none-eabi/lib/thumb/v7-m/nofp\libcr_c.a(fseek.o)
 .debug_line    0x00004905      0x17a C:/nxp/MCUXpressoIDE_25.6.136/ide/plugins/com.nxp.mcuxpresso.tools.win32_25.6.0.202501151204/tools/bin/../lib/gcc/arm-none-eabi/14.2.1/../../../../arm-none-eabi/lib/thumb/v7-m/nofp\libcr_c.a(ftell.o)
 .debug_line    0x00004a7f      0x15c C:/nxp/MCUXpressoIDE_25.6.136/ide/plugins/com.nxp.mcuxpresso.tools.win32_25.6.0.202501151204/tools/bin/../lib/gcc/arm-none-eabi/14.2.1/../../../../arm-none-eabi/lib/thumb/v7-m/nofp\libcr_c.a(remove.o)
 .debug_line    0x00004bdb       0x59 C:/nxp/MCUXpressoIDE_25.6.136/ide/plugins/com.nxp.mcuxpresso.tools.win32_25.6.0.202501151204/tools/bin/../lib/gcc/arm-none-eabi/14.2.1/../../../../arm-none-eabi/lib/thumb/v7-m/nofp\libcr_c.a(__init_alloc.o)
 .debug_line    0x00004c34      0x16a C:/nxp/MCUXpressoIDE_25.6.136/ide/plugins/com.nxp.mcuxpresso.tools.win32_25.6.0.202501151204/tools/bin/../lib/gcc/arm-none-eabi/14.2.1/../../../../arm-none-eabi/lib/thumb/v7-m/nofp\libcr_c.a(_cr_sbrk.o)
 .debug_line    0x00004d9e      0x16c C:/nxp/MCUXpressoIDE_25.6.136/ide/plugins/com.nxp.mcuxpresso.tools.win32_25.6.0.202501151204/tools/bin/../lib/gcc/arm-none-eabi/14.2.1/../../../../arm-none-eabi/lib/thumb/v7-m/nofp\libcr_c.a(_do_fflush.o)
 .debug_line    0x00004f0a       0x61 C:/nxp/MCUXpressoIDE_25.6.136/ide/plugins/com.nxp.mcuxpresso.tools.win32_25.6.0.202501151204/tools/bin/../lib/gcc/arm-none-eabi/14.2.1/../../../../arm-none-eabi/lib/thumb/v7-m/nofp\libcr_c.a(_cr_check_heap.o)
 .debug_line    0x00004f6b     0x1b4f C:/nxp/MCUXpressoIDE_25.6.136/ide/plugins/com.nxp.mcuxpresso.tools.win32_25.6.0.202501151204/tools/bin/../lib/gcc/arm-none-eabi/14.2.1/thumb/v7-m/nofp\libcr_eabihelpers.a(double.o)
 .debug_line    0x00006aba       0xea C:/nxp/MCUXpressoIDE_25.6.136/ide/plugins/com.nxp.mcuxpresso.tools.win32_25.6.0.202501151204/tools/bin/../lib/gcc/arm-none-eabi/14.2.1/../../../../arm-none-eabi/lib/thumb/v7-m/nofp\libcr_semihost.a(__ciob.o)

.debug_str      0x00000000     0xa0d7
 .debug_str     0x00000000     0xa0d7 ./src/cr_startup_lpc175x_6x.o
                               0x3094 (size before relaxing)
 .debug_str     0x0000a0d7     0x2f7d ./src/crp.o
 .debug_str     0x0000a0d7     0x8e29 ./src/main.o
 .debug_str     0x0000a0d7     0x8a49 C:\Users\emanu\Documents\MCUXpressoIDE_25.6.136\workspace\CMSISv2p00_LPC17xx\Debug\libCMSISv2p00_LPC17xx.a(system_LPC17xx.o)
 .debug_str     0x0000a0d7      0x168 C:/nxp/MCUXpressoIDE_25.6.136/ide/plugins/com.nxp.mcuxpresso.tools.win32_25.6.0.202501151204/tools/bin/../lib/gcc/arm-none-eabi/14.2.1/../../../../arm-none-eabi/lib/thumb/v7-m/nofp\libcr_semihost.a(_cr__main.o)
 .debug_str     0x0000a0d7      0x16e C:/nxp/MCUXpressoIDE_25.6.136/ide/plugins/com.nxp.mcuxpresso.tools.win32_25.6.0.202501151204/tools/bin/../lib/gcc/arm-none-eabi/14.2.1/../../../../arm-none-eabi/lib/thumb/v7-m/nofp\libcr_c.a(cos.o)
 .debug_str     0x0000a0d7      0x4b0 C:/nxp/MCUXpressoIDE_25.6.136/ide/plugins/com.nxp.mcuxpresso.tools.win32_25.6.0.202501151204/tools/bin/../lib/gcc/arm-none-eabi/14.2.1/../../../../arm-none-eabi/lib/thumb/v7-m/nofp\libcr_c.a(fpprintf.o)
 .debug_str     0x0000a0d7      0x23d C:/nxp/MCUXpressoIDE_25.6.136/ide/plugins/com.nxp.mcuxpresso.tools.win32_25.6.0.202501151204/tools/bin/../lib/gcc/arm-none-eabi/14.2.1/../../../../arm-none-eabi/lib/thumb/v7-m/nofp\libcr_c.a(initio.o)
 .debug_str     0x0000a0d7      0x407 C:/nxp/MCUXpressoIDE_25.6.136/ide/plugins/com.nxp.mcuxpresso.tools.win32_25.6.0.202501151204/tools/bin/../lib/gcc/arm-none-eabi/14.2.1/../../../../arm-none-eabi/lib/thumb/v7-m/nofp\libcr_c.a(printf.o)
 .debug_str     0x0000a0d7      0x233 C:/nxp/MCUXpressoIDE_25.6.136/ide/plugins/com.nxp.mcuxpresso.tools.win32_25.6.0.202501151204/tools/bin/../lib/gcc/arm-none-eabi/14.2.1/../../../../arm-none-eabi/lib/thumb/v7-m/nofp\libcr_c.a(setvbuf.o)
 .debug_str     0x0000a0d7      0x154 C:/nxp/MCUXpressoIDE_25.6.136/ide/plugins/com.nxp.mcuxpresso.tools.win32_25.6.0.202501151204/tools/bin/../lib/gcc/arm-none-eabi/14.2.1/../../../../arm-none-eabi/lib/thumb/v7-m/nofp\libcr_c.a(sin.o)
 .debug_str     0x0000a0d7      0x17a C:/nxp/MCUXpressoIDE_25.6.136/ide/plugins/com.nxp.mcuxpresso.tools.win32_25.6.0.202501151204/tools/bin/../lib/gcc/arm-none-eabi/14.2.1/../../../../arm-none-eabi/lib/thumb/v7-m/nofp\libcr_c.a(strlen.o)
 .debug_str     0x0000a0d7      0x180 C:/nxp/MCUXpressoIDE_25.6.136/ide/plugins/com.nxp.mcuxpresso.tools.win32_25.6.0.202501151204/tools/bin/../lib/gcc/arm-none-eabi/14.2.1/../../../../arm-none-eabi/lib/thumb/v7-m/nofp\libcr_c.a(memset.o)
 .debug_str     0x0000a0d7      0x277 C:/nxp/MCUXpressoIDE_25.6.136/ide/plugins/com.nxp.mcuxpresso.tools.win32_25.6.0.202501151204/tools/bin/../lib/gcc/arm-none-eabi/14.2.1/../../../../arm-none-eabi/lib/thumb/v7-m/nofp\libcr_c.a(_deferredlazyseek.o)
 .debug_str     0x0000a0d7      0x230 C:/nxp/MCUXpressoIDE_25.6.136/ide/plugins/com.nxp.mcuxpresso.tools.win32_25.6.0.202501151204/tools/bin/../lib/gcc/arm-none-eabi/14.2.1/../../../../arm-none-eabi/lib/thumb/v7-m/nofp\libcr_c.a(_fdopen.o)
 .debug_str     0x0000a0d7      0x212 C:/nxp/MCUXpressoIDE_25.6.136/ide/plugins/com.nxp.mcuxpresso.tools.win32_25.6.0.202501151204/tools/bin/../lib/gcc/arm-none-eabi/14.2.1/../../../../arm-none-eabi/lib/thumb/v7-m/nofp\libcr_c.a(_fflush.o)
 .debug_str     0x0000a0d7      0x167 C:/nxp/MCUXpressoIDE_25.6.136/ide/plugins/com.nxp.mcuxpresso.tools.win32_25.6.0.202501151204/tools/bin/../lib/gcc/arm-none-eabi/14.2.1/../../../../arm-none-eabi/lib/thumb/v7-m/nofp\libcr_c.a(_frexpl.o)
 .debug_str     0x0000a0d7      0x168 C:/nxp/MCUXpressoIDE_25.6.136/ide/plugins/com.nxp.mcuxpresso.tools.win32_25.6.0.202501151204/tools/bin/../lib/gcc/arm-none-eabi/14.2.1/../../../../arm-none-eabi/lib/thumb/v7-m/nofp\libcr_c.a(_ldexpl.o)
 .debug_str     0x0000a0d7      0x1bd C:/nxp/MCUXpressoIDE_25.6.136/ide/plugins/com.nxp.mcuxpresso.tools.win32_25.6.0.202501151204/tools/bin/../lib/gcc/arm-none-eabi/14.2.1/../../../../arm-none-eabi/lib/thumb/v7-m/nofp\libcr_c.a(_sincos.o)
 .debug_str     0x0000a0d7      0x243 C:/nxp/MCUXpressoIDE_25.6.136/ide/plugins/com.nxp.mcuxpresso.tools.win32_25.6.0.202501151204/tools/bin/../lib/gcc/arm-none-eabi/14.2.1/../../../../arm-none-eabi/lib/thumb/v7-m/nofp\libcr_c.a(_writebuf.o)
 .debug_str     0x0000a0d7      0x233 C:/nxp/MCUXpressoIDE_25.6.136/ide/plugins/com.nxp.mcuxpresso.tools.win32_25.6.0.202501151204/tools/bin/../lib/gcc/arm-none-eabi/14.2.1/../../../../arm-none-eabi/lib/thumb/v7-m/nofp\libcr_c.a(alloc.o)
 .debug_str     0x0000a0d7      0x114 C:/nxp/MCUXpressoIDE_25.6.136/ide/plugins/com.nxp.mcuxpresso.tools.win32_25.6.0.202501151204/tools/bin/../lib/gcc/arm-none-eabi/14.2.1/../../../../arm-none-eabi/lib/thumb/v7-m/nofp\libcr_c.a(errno.o)
 .debug_str     0x0000a0d7      0x152 C:/nxp/MCUXpressoIDE_25.6.136/ide/plugins/com.nxp.mcuxpresso.tools.win32_25.6.0.202501151204/tools/bin/../lib/gcc/arm-none-eabi/14.2.1/../../../../arm-none-eabi/lib/thumb/v7-m/nofp\libcr_c.a(fabs.o)
 .debug_str     0x0000a0d7      0x247 C:/nxp/MCUXpressoIDE_25.6.136/ide/plugins/com.nxp.mcuxpresso.tools.win32_25.6.0.202501151204/tools/bin/../lib/gcc/arm-none-eabi/14.2.1/../../../../arm-none-eabi/lib/thumb/v7-m/nofp\libcr_c.a(fclose.o)
 .debug_str     0x0000a0d7      0x235 C:/nxp/MCUXpressoIDE_25.6.136/ide/plugins/com.nxp.mcuxpresso.tools.win32_25.6.0.202501151204/tools/bin/../lib/gcc/arm-none-eabi/14.2.1/../../../../arm-none-eabi/lib/thumb/v7-m/nofp\libcr_c.a(fflush.o)
 .debug_str     0x0000a0d7      0x237 C:/nxp/MCUXpressoIDE_25.6.136/ide/plugins/com.nxp.mcuxpresso.tools.win32_25.6.0.202501151204/tools/bin/../lib/gcc/arm-none-eabi/14.2.1/../../../../arm-none-eabi/lib/thumb/v7-m/nofp\libcr_c.a(fseek.o)
 .debug_str     0x0000a0d7      0x214 C:/nxp/MCUXpressoIDE_25.6.136/ide/plugins/com.nxp.mcuxpresso.tools.win32_25.6.0.202501151204/tools/bin/../lib/gcc/arm-none-eabi/14.2.1/../../../../arm-none-eabi/lib/thumb/v7-m/nofp\libcr_c.a(ftell.o)
 .debug_str     0x0000a0d7      0x1d3 C:/nxp/MCUXpressoIDE_25.6.136/ide/plugins/com.nxp.mcuxpresso.tools.win32_25.6.0.202501151204/tools/bin/../lib/gcc/arm-none-eabi/14.2.1/../../../../arm-none-eabi/lib/thumb/v7-m/nofp\libcr_c.a(remove.o)
 .debug_str     0x0000a0d7      0x17f C:/nxp/MCUXpressoIDE_25.6.136/ide/plugins/com.nxp.mcuxpresso.tools.win32_25.6.0.202501151204/tools/bin/../lib/gcc/arm-none-eabi/14.2.1/../../../../arm-none-eabi/lib/thumb/v7-m/nofp\libcr_c.a(__init_alloc.o)
 .debug_str     0x0000a0d7      0x1c1 C:/nxp/MCUXpressoIDE_25.6.136/ide/plugins/com.nxp.mcuxpresso.tools.win32_25.6.0.202501151204/tools/bin/../lib/gcc/arm-none-eabi/14.2.1/../../../../arm-none-eabi/lib/thumb/v7-m/nofp\libcr_c.a(_cr_sbrk.o)
 .debug_str     0x0000a0d7      0x228 C:/nxp/MCUXpressoIDE_25.6.136/ide/plugins/com.nxp.mcuxpresso.tools.win32_25.6.0.202501151204/tools/bin/../lib/gcc/arm-none-eabi/14.2.1/../../../../arm-none-eabi/lib/thumb/v7-m/nofp\libcr_c.a(_do_fflush.o)
 .debug_str     0x0000a0d7      0x173 C:/nxp/MCUXpressoIDE_25.6.136/ide/plugins/com.nxp.mcuxpresso.tools.win32_25.6.0.202501151204/tools/bin/../lib/gcc/arm-none-eabi/14.2.1/../../../../arm-none-eabi/lib/thumb/v7-m/nofp\libcr_c.a(_cr_check_heap.o)
 .debug_str     0x0000a0d7      0x374 C:/nxp/MCUXpressoIDE_25.6.136/ide/plugins/com.nxp.mcuxpresso.tools.win32_25.6.0.202501151204/tools/bin/../lib/gcc/arm-none-eabi/14.2.1/thumb/v7-m/nofp\libcr_eabihelpers.a(double.o)
 .debug_str     0x0000a0d7      0x200 C:/nxp/MCUXpressoIDE_25.6.136/ide/plugins/com.nxp.mcuxpresso.tools.win32_25.6.0.202501151204/tools/bin/../lib/gcc/arm-none-eabi/14.2.1/../../../../arm-none-eabi/lib/thumb/v7-m/nofp\libcr_semihost.a(__ciob.o)

.comment        0x00000000       0x45
 .comment       0x00000000       0x45 ./src/cr_startup_lpc175x_6x.o
                                 0x46 (size before relaxing)
 .comment       0x00000045       0x46 ./src/crp.o
 .comment       0x00000045       0x46 ./src/main.o
 .comment       0x00000045       0x46 C:\Users\emanu\Documents\MCUXpressoIDE_25.6.136\workspace\CMSISv2p00_LPC17xx\Debug\libCMSISv2p00_LPC17xx.a(system_LPC17xx.o)
 .comment       0x00000045       0x46 C:/nxp/MCUXpressoIDE_25.6.136/ide/plugins/com.nxp.mcuxpresso.tools.win32_25.6.0.202501151204/tools/bin/../lib/gcc/arm-none-eabi/14.2.1/../../../../arm-none-eabi/lib/thumb/v7-m/nofp\libcr_semihost.a(_cr__main.o)
 .comment       0x00000045       0x46 C:/nxp/MCUXpressoIDE_25.6.136/ide/plugins/com.nxp.mcuxpresso.tools.win32_25.6.0.202501151204/tools/bin/../lib/gcc/arm-none-eabi/14.2.1/../../../../arm-none-eabi/lib/thumb/v7-m/nofp\libcr_c.a(cos.o)
 .comment       0x00000045       0x46 C:/nxp/MCUXpressoIDE_25.6.136/ide/plugins/com.nxp.mcuxpresso.tools.win32_25.6.0.202501151204/tools/bin/../lib/gcc/arm-none-eabi/14.2.1/../../../../arm-none-eabi/lib/thumb/v7-m/nofp\libcr_c.a(fpprintf.o)
 .comment       0x00000045       0x46 C:/nxp/MCUXpressoIDE_25.6.136/ide/plugins/com.nxp.mcuxpresso.tools.win32_25.6.0.202501151204/tools/bin/../lib/gcc/arm-none-eabi/14.2.1/../../../../arm-none-eabi/lib/thumb/v7-m/nofp\libcr_c.a(initio.o)
 .comment       0x00000045       0x46 C:/nxp/MCUXpressoIDE_25.6.136/ide/plugins/com.nxp.mcuxpresso.tools.win32_25.6.0.202501151204/tools/bin/../lib/gcc/arm-none-eabi/14.2.1/../../../../arm-none-eabi/lib/thumb/v7-m/nofp\libcr_c.a(printf.o)
 .comment       0x00000045       0x46 C:/nxp/MCUXpressoIDE_25.6.136/ide/plugins/com.nxp.mcuxpresso.tools.win32_25.6.0.202501151204/tools/bin/../lib/gcc/arm-none-eabi/14.2.1/../../../../arm-none-eabi/lib/thumb/v7-m/nofp\libcr_c.a(setvbuf.o)
 .comment       0x00000045       0x46 C:/nxp/MCUXpressoIDE_25.6.136/ide/plugins/com.nxp.mcuxpresso.tools.win32_25.6.0.202501151204/tools/bin/../lib/gcc/arm-none-eabi/14.2.1/../../../../arm-none-eabi/lib/thumb/v7-m/nofp\libcr_c.a(sin.o)
 .comment       0x00000045       0x46 C:/nxp/MCUXpressoIDE_25.6.136/ide/plugins/com.nxp.mcuxpresso.tools.win32_25.6.0.202501151204/tools/bin/../lib/gcc/arm-none-eabi/14.2.1/../../../../arm-none-eabi/lib/thumb/v7-m/nofp\libcr_c.a(strlen.o)
 .comment       0x00000045       0x46 C:/nxp/MCUXpressoIDE_25.6.136/ide/plugins/com.nxp.mcuxpresso.tools.win32_25.6.0.202501151204/tools/bin/../lib/gcc/arm-none-eabi/14.2.1/../../../../arm-none-eabi/lib/thumb/v7-m/nofp\libcr_c.a(memset.o)
 .comment       0x00000045       0x46 C:/nxp/MCUXpressoIDE_25.6.136/ide/plugins/com.nxp.mcuxpresso.tools.win32_25.6.0.202501151204/tools/bin/../lib/gcc/arm-none-eabi/14.2.1/../../../../arm-none-eabi/lib/thumb/v7-m/nofp\libcr_c.a(_deferredlazyseek.o)
 .comment       0x00000045       0x46 C:/nxp/MCUXpressoIDE_25.6.136/ide/plugins/com.nxp.mcuxpresso.tools.win32_25.6.0.202501151204/tools/bin/../lib/gcc/arm-none-eabi/14.2.1/../../../../arm-none-eabi/lib/thumb/v7-m/nofp\libcr_c.a(_fdopen.o)
 .comment       0x00000045       0x46 C:/nxp/MCUXpressoIDE_25.6.136/ide/plugins/com.nxp.mcuxpresso.tools.win32_25.6.0.202501151204/tools/bin/../lib/gcc/arm-none-eabi/14.2.1/../../../../arm-none-eabi/lib/thumb/v7-m/nofp\libcr_c.a(_fflush.o)
 .comment       0x00000045       0x46 C:/nxp/MCUXpressoIDE_25.6.136/ide/plugins/com.nxp.mcuxpresso.tools.win32_25.6.0.202501151204/tools/bin/../lib/gcc/arm-none-eabi/14.2.1/../../../../arm-none-eabi/lib/thumb/v7-m/nofp\libcr_c.a(_frexpl.o)
 .comment       0x00000045       0x46 C:/nxp/MCUXpressoIDE_25.6.136/ide/plugins/com.nxp.mcuxpresso.tools.win32_25.6.0.202501151204/tools/bin/../lib/gcc/arm-none-eabi/14.2.1/../../../../arm-none-eabi/lib/thumb/v7-m/nofp\libcr_c.a(_ldexpl.o)
 .comment       0x00000045       0x46 C:/nxp/MCUXpressoIDE_25.6.136/ide/plugins/com.nxp.mcuxpresso.tools.win32_25.6.0.202501151204/tools/bin/../lib/gcc/arm-none-eabi/14.2.1/../../../../arm-none-eabi/lib/thumb/v7-m/nofp\libcr_c.a(_sincos.o)
 .comment       0x00000045       0x46 C:/nxp/MCUXpressoIDE_25.6.136/ide/plugins/com.nxp.mcuxpresso.tools.win32_25.6.0.202501151204/tools/bin/../lib/gcc/arm-none-eabi/14.2.1/../../../../arm-none-eabi/lib/thumb/v7-m/nofp\libcr_c.a(_writebuf.o)
 .comment       0x00000045       0x46 C:/nxp/MCUXpressoIDE_25.6.136/ide/plugins/com.nxp.mcuxpresso.tools.win32_25.6.0.202501151204/tools/bin/../lib/gcc/arm-none-eabi/14.2.1/../../../../arm-none-eabi/lib/thumb/v7-m/nofp\libcr_c.a(alloc.o)
 .comment       0x00000045       0x46 C:/nxp/MCUXpressoIDE_25.6.136/ide/plugins/com.nxp.mcuxpresso.tools.win32_25.6.0.202501151204/tools/bin/../lib/gcc/arm-none-eabi/14.2.1/../../../../arm-none-eabi/lib/thumb/v7-m/nofp\libcr_c.a(errno.o)
 .comment       0x00000045       0x46 C:/nxp/MCUXpressoIDE_25.6.136/ide/plugins/com.nxp.mcuxpresso.tools.win32_25.6.0.202501151204/tools/bin/../lib/gcc/arm-none-eabi/14.2.1/../../../../arm-none-eabi/lib/thumb/v7-m/nofp\libcr_c.a(fabs.o)
 .comment       0x00000045       0x46 C:/nxp/MCUXpressoIDE_25.6.136/ide/plugins/com.nxp.mcuxpresso.tools.win32_25.6.0.202501151204/tools/bin/../lib/gcc/arm-none-eabi/14.2.1/../../../../arm-none-eabi/lib/thumb/v7-m/nofp\libcr_c.a(fclose.o)
 .comment       0x00000045       0x46 C:/nxp/MCUXpressoIDE_25.6.136/ide/plugins/com.nxp.mcuxpresso.tools.win32_25.6.0.202501151204/tools/bin/../lib/gcc/arm-none-eabi/14.2.1/../../../../arm-none-eabi/lib/thumb/v7-m/nofp\libcr_c.a(fflush.o)
 .comment       0x00000045       0x46 C:/nxp/MCUXpressoIDE_25.6.136/ide/plugins/com.nxp.mcuxpresso.tools.win32_25.6.0.202501151204/tools/bin/../lib/gcc/arm-none-eabi/14.2.1/../../../../arm-none-eabi/lib/thumb/v7-m/nofp\libcr_c.a(fseek.o)
 .comment       0x00000045       0x46 C:/nxp/MCUXpressoIDE_25.6.136/ide/plugins/com.nxp.mcuxpresso.tools.win32_25.6.0.202501151204/tools/bin/../lib/gcc/arm-none-eabi/14.2.1/../../../../arm-none-eabi/lib/thumb/v7-m/nofp\libcr_c.a(ftell.o)
 .comment       0x00000045       0x46 C:/nxp/MCUXpressoIDE_25.6.136/ide/plugins/com.nxp.mcuxpresso.tools.win32_25.6.0.202501151204/tools/bin/../lib/gcc/arm-none-eabi/14.2.1/../../../../arm-none-eabi/lib/thumb/v7-m/nofp\libcr_c.a(remove.o)
 .comment       0x00000045       0x46 C:/nxp/MCUXpressoIDE_25.6.136/ide/plugins/com.nxp.mcuxpresso.tools.win32_25.6.0.202501151204/tools/bin/../lib/gcc/arm-none-eabi/14.2.1/../../../../arm-none-eabi/lib/thumb/v7-m/nofp\libcr_c.a(__init_alloc.o)
 .comment       0x00000045       0x46 C:/nxp/MCUXpressoIDE_25.6.136/ide/plugins/com.nxp.mcuxpresso.tools.win32_25.6.0.202501151204/tools/bin/../lib/gcc/arm-none-eabi/14.2.1/../../../../arm-none-eabi/lib/thumb/v7-m/nofp\libcr_c.a(_cr_sbrk.o)
 .comment       0x00000045       0x46 C:/nxp/MCUXpressoIDE_25.6.136/ide/plugins/com.nxp.mcuxpresso.tools.win32_25.6.0.202501151204/tools/bin/../lib/gcc/arm-none-eabi/14.2.1/../../../../arm-none-eabi/lib/thumb/v7-m/nofp\libcr_c.a(_do_fflush.o)
 .comment       0x00000045       0x46 C:/nxp/MCUXpressoIDE_25.6.136/ide/plugins/com.nxp.mcuxpresso.tools.win32_25.6.0.202501151204/tools/bin/../lib/gcc/arm-none-eabi/14.2.1/../../../../arm-none-eabi/lib/thumb/v7-m/nofp\libcr_c.a(_cr_check_heap.o)
 .comment       0x00000045       0x46 C:/nxp/MCUXpressoIDE_25.6.136/ide/plugins/com.nxp.mcuxpresso.tools.win32_25.6.0.202501151204/tools/bin/../lib/gcc/arm-none-eabi/14.2.1/thumb/v7-m/nofp\libcr_eabihelpers.a(double.o)
 .comment       0x00000045       0x46 C:/nxp/MCUXpressoIDE_25.6.136/ide/plugins/com.nxp.mcuxpresso.tools.win32_25.6.0.202501151204/tools/bin/../lib/gcc/arm-none-eabi/14.2.1/../../../../arm-none-eabi/lib/thumb/v7-m/nofp\libcr_semihost.a(__ciob.o)

.ARM.attributes
                0x00000000       0x2b
 .ARM.attributes
                0x00000000       0x2d ./src/cr_startup_lpc175x_6x.o
 .ARM.attributes
                0x0000002d       0x2d ./src/crp.o
 .ARM.attributes
                0x0000005a       0x2d ./src/main.o
 .ARM.attributes
                0x00000087       0x2d C:\Users\emanu\Documents\MCUXpressoIDE_25.6.136\workspace\CMSISv2p00_LPC17xx\Debug\libCMSISv2p00_LPC17xx.a(system_LPC17xx.o)
 .ARM.attributes
                0x000000b4       0x2d C:/nxp/MCUXpressoIDE_25.6.136/ide/plugins/com.nxp.mcuxpresso.tools.win32_25.6.0.202501151204/tools/bin/../lib/gcc/arm-none-eabi/14.2.1/../../../../arm-none-eabi/lib/thumb/v7-m/nofp\libcr_semihost.a(_cr__main.o)
 .ARM.attributes
                0x000000e1       0x2d C:/nxp/MCUXpressoIDE_25.6.136/ide/plugins/com.nxp.mcuxpresso.tools.win32_25.6.0.202501151204/tools/bin/../lib/gcc/arm-none-eabi/14.2.1/../../../../arm-none-eabi/lib/thumb/v7-m/nofp\libcr_c.a(cos.o)
 .ARM.attributes
                0x0000010e       0x2d C:/nxp/MCUXpressoIDE_25.6.136/ide/plugins/com.nxp.mcuxpresso.tools.win32_25.6.0.202501151204/tools/bin/../lib/gcc/arm-none-eabi/14.2.1/../../../../arm-none-eabi/lib/thumb/v7-m/nofp\libcr_c.a(fpprintf.o)
 .ARM.attributes
                0x0000013b       0x2d C:/nxp/MCUXpressoIDE_25.6.136/ide/plugins/com.nxp.mcuxpresso.tools.win32_25.6.0.202501151204/tools/bin/../lib/gcc/arm-none-eabi/14.2.1/../../../../arm-none-eabi/lib/thumb/v7-m/nofp\libcr_c.a(initio.o)
 .ARM.attributes
                0x00000168       0x2d C:/nxp/MCUXpressoIDE_25.6.136/ide/plugins/com.nxp.mcuxpresso.tools.win32_25.6.0.202501151204/tools/bin/../lib/gcc/arm-none-eabi/14.2.1/../../../../arm-none-eabi/lib/thumb/v7-m/nofp\libcr_c.a(printf.o)
 .ARM.attributes
                0x00000195       0x2d C:/nxp/MCUXpressoIDE_25.6.136/ide/plugins/com.nxp.mcuxpresso.tools.win32_25.6.0.202501151204/tools/bin/../lib/gcc/arm-none-eabi/14.2.1/../../../../arm-none-eabi/lib/thumb/v7-m/nofp\libcr_c.a(setvbuf.o)
 .ARM.attributes
                0x000001c2       0x2d C:/nxp/MCUXpressoIDE_25.6.136/ide/plugins/com.nxp.mcuxpresso.tools.win32_25.6.0.202501151204/tools/bin/../lib/gcc/arm-none-eabi/14.2.1/../../../../arm-none-eabi/lib/thumb/v7-m/nofp\libcr_c.a(sin.o)
 .ARM.attributes
                0x000001ef       0x2d C:/nxp/MCUXpressoIDE_25.6.136/ide/plugins/com.nxp.mcuxpresso.tools.win32_25.6.0.202501151204/tools/bin/../lib/gcc/arm-none-eabi/14.2.1/../../../../arm-none-eabi/lib/thumb/v7-m/nofp\libcr_c.a(strlen.o)
 .ARM.attributes
                0x0000021c       0x2d C:/nxp/MCUXpressoIDE_25.6.136/ide/plugins/com.nxp.mcuxpresso.tools.win32_25.6.0.202501151204/tools/bin/../lib/gcc/arm-none-eabi/14.2.1/../../../../arm-none-eabi/lib/thumb/v7-m/nofp\libcr_c.a(memset.o)
 .ARM.attributes
                0x00000249       0x2d C:/nxp/MCUXpressoIDE_25.6.136/ide/plugins/com.nxp.mcuxpresso.tools.win32_25.6.0.202501151204/tools/bin/../lib/gcc/arm-none-eabi/14.2.1/../../../../arm-none-eabi/lib/thumb/v7-m/nofp\libcr_c.a(_deferredlazyseek.o)
 .ARM.attributes
                0x00000276       0x2d C:/nxp/MCUXpressoIDE_25.6.136/ide/plugins/com.nxp.mcuxpresso.tools.win32_25.6.0.202501151204/tools/bin/../lib/gcc/arm-none-eabi/14.2.1/../../../../arm-none-eabi/lib/thumb/v7-m/nofp\libcr_c.a(_fdopen.o)
 .ARM.attributes
                0x000002a3       0x2d C:/nxp/MCUXpressoIDE_25.6.136/ide/plugins/com.nxp.mcuxpresso.tools.win32_25.6.0.202501151204/tools/bin/../lib/gcc/arm-none-eabi/14.2.1/../../../../arm-none-eabi/lib/thumb/v7-m/nofp\libcr_c.a(_fflush.o)
 .ARM.attributes
                0x000002d0       0x2d C:/nxp/MCUXpressoIDE_25.6.136/ide/plugins/com.nxp.mcuxpresso.tools.win32_25.6.0.202501151204/tools/bin/../lib/gcc/arm-none-eabi/14.2.1/../../../../arm-none-eabi/lib/thumb/v7-m/nofp\libcr_c.a(_frexpl.o)
 .ARM.attributes
                0x000002fd       0x2d C:/nxp/MCUXpressoIDE_25.6.136/ide/plugins/com.nxp.mcuxpresso.tools.win32_25.6.0.202501151204/tools/bin/../lib/gcc/arm-none-eabi/14.2.1/../../../../arm-none-eabi/lib/thumb/v7-m/nofp\libcr_c.a(_ldexpl.o)
 .ARM.attributes
                0x0000032a       0x2d C:/nxp/MCUXpressoIDE_25.6.136/ide/plugins/com.nxp.mcuxpresso.tools.win32_25.6.0.202501151204/tools/bin/../lib/gcc/arm-none-eabi/14.2.1/../../../../arm-none-eabi/lib/thumb/v7-m/nofp\libcr_c.a(_sincos.o)
 .ARM.attributes
                0x00000357       0x2d C:/nxp/MCUXpressoIDE_25.6.136/ide/plugins/com.nxp.mcuxpresso.tools.win32_25.6.0.202501151204/tools/bin/../lib/gcc/arm-none-eabi/14.2.1/../../../../arm-none-eabi/lib/thumb/v7-m/nofp\libcr_c.a(_writebuf.o)
 .ARM.attributes
                0x00000384       0x2d C:/nxp/MCUXpressoIDE_25.6.136/ide/plugins/com.nxp.mcuxpresso.tools.win32_25.6.0.202501151204/tools/bin/../lib/gcc/arm-none-eabi/14.2.1/../../../../arm-none-eabi/lib/thumb/v7-m/nofp\libcr_c.a(alloc.o)
 .ARM.attributes
                0x000003b1       0x2d C:/nxp/MCUXpressoIDE_25.6.136/ide/plugins/com.nxp.mcuxpresso.tools.win32_25.6.0.202501151204/tools/bin/../lib/gcc/arm-none-eabi/14.2.1/../../../../arm-none-eabi/lib/thumb/v7-m/nofp\libcr_c.a(errno.o)
 .ARM.attributes
                0x000003de       0x2d C:/nxp/MCUXpressoIDE_25.6.136/ide/plugins/com.nxp.mcuxpresso.tools.win32_25.6.0.202501151204/tools/bin/../lib/gcc/arm-none-eabi/14.2.1/../../../../arm-none-eabi/lib/thumb/v7-m/nofp\libcr_c.a(fabs.o)
 .ARM.attributes
                0x0000040b       0x2d C:/nxp/MCUXpressoIDE_25.6.136/ide/plugins/com.nxp.mcuxpresso.tools.win32_25.6.0.202501151204/tools/bin/../lib/gcc/arm-none-eabi/14.2.1/../../../../arm-none-eabi/lib/thumb/v7-m/nofp\libcr_c.a(fclose.o)
 .ARM.attributes
                0x00000438       0x2d C:/nxp/MCUXpressoIDE_25.6.136/ide/plugins/com.nxp.mcuxpresso.tools.win32_25.6.0.202501151204/tools/bin/../lib/gcc/arm-none-eabi/14.2.1/../../../../arm-none-eabi/lib/thumb/v7-m/nofp\libcr_c.a(fflush.o)
 .ARM.attributes
                0x00000465       0x2d C:/nxp/MCUXpressoIDE_25.6.136/ide/plugins/com.nxp.mcuxpresso.tools.win32_25.6.0.202501151204/tools/bin/../lib/gcc/arm-none-eabi/14.2.1/../../../../arm-none-eabi/lib/thumb/v7-m/nofp\libcr_c.a(fseek.o)
 .ARM.attributes